Sep 17 14:43:07 neo kernel: [ 6458.934713] Bluetooth: RFCOMM TTY layer initialized
Sep 17 14:43:07 neo kernel: [ 6458.934719] Bluetooth: RFCOMM socket layer initialized
Sep 17 14:43:07 neo kernel: [ 6458.934725] Bluetooth: RFCOMM ver 1.11
Sep 17 14:55:52 neo NetworkManager[1168]: <info>  [1505670952.1076] manager: enable requested (sleeping: no  enabled: no)
Sep 17 14:55:52 neo NetworkManager[1168]: <info>  [1505670952.1076] manager: re-enabling...
Sep 17 14:55:52 neo NetworkManager[1168]: <info>  [1505670952.1076] device (enp1s0): state change: unmanaged -> unavailable (reason 'managed') [10 20 2]
Sep 17 14:55:52 neo kernel: [ 7223.695190] IPv6: ADDRCONF(NETDEV_UP): enp1s0: link is not ready
Sep 17 14:55:52 neo NetworkManager[1168]: <info>  [1505670952.1463] keyfile: add connection in-memory (23f2df12-aadb-376c-b9ae-b321b44cd041,"Conexão cabeada 1")
Sep 17 14:55:52 neo kernel: [ 7223.732061] r8169 0000:01:00.0 enp1s0: link down
Sep 17 14:55:52 neo kernel: [ 7223.732124] IPv6: ADDRCONF(NETDEV_UP): enp1s0: link is not ready
Sep 17 14:55:52 neo NetworkManager[1168]: <info>  [1505670952.1471] settings: (enp1s0): created default wired connection 'Conexão cabeada 1'
Sep 17 14:55:52 neo NetworkManager[1168]: <info>  [1505670952.1472] device (wlp2s0): state change: unmanaged -> unavailable (reason 'managed') [10 20 2]
Sep 17 14:55:52 neo kernel: [ 7223.734696] IPv6: ADDRCONF(NETDEV_UP): wlp2s0: link is not ready
Sep 17 14:55:52 neo NetworkManager[1168]: <info>  [1505670952.1605] manager: NetworkManager state is now DISCONNECTED
Sep 17 14:55:52 neo NetworkManager[1168]: <info>  [1505670952.1606] audit: op="networking-control" arg="on" pid=3650 uid=1000 result="success"
Sep 17 14:55:52 neo kernel: [ 7223.747180] IPv6: ADDRCONF(NETDEV_UP): wlp2s0: link is not ready
Sep 17 14:55:52 neo NetworkManager[1168]: <info>  [1505670952.2237] device (wlp2s0): supplicant interface state: starting -> ready
Sep 17 14:55:52 neo NetworkManager[1168]: <info>  [1505670952.2237] device (wlp2s0): state change: unavailable -> disconnected (reason 'supplicant-available') [20 30 42]
Sep 17 14:55:52 neo kernel: [ 7223.811288] IPv6: ADDRCONF(NETDEV_UP): wlp2s0: link is not ready
Sep 17 14:55:53 neo NetworkManager[1168]: <info>  [1505670953.0726] device (wlp2s0): supplicant interface state: ready -> inactive
Sep 17 14:55:53 neo NetworkManager[1168]: <info>  [1505670953.1049] policy: auto-activating connection 'Lcrack'
Sep 17 14:55:53 neo NetworkManager[1168]: <info>  [1505670953.1060] device (wlp2s0): Activation: starting connection 'Lcrack' (cdce19ee-c28e-4987-85d3-9a78f361968d)
Sep 17 14:55:53 neo NetworkManager[1168]: <info>  [1505670953.1062] device (wlp2s0): state change: disconnected -> prepare (reason 'none') [30 40 0]
Sep 17 14:55:53 neo NetworkManager[1168]: <info>  [1505670953.1063] manager: NetworkManager state is now CONNECTING
Sep 17 14:55:53 neo NetworkManager[1168]: <info>  [1505670953.1071] device (wlp2s0): state change: prepare -> config (reason 'none') [40 50 0]
Sep 17 14:55:53 neo NetworkManager[1168]: <info>  [1505670953.1074] device (wlp2s0): Activation: (wifi) access point 'Lcrack' has security, but secrets are required.
Sep 17 14:55:53 neo NetworkManager[1168]: <info>  [1505670953.1074] device (wlp2s0): state change: config -> need-auth (reason 'none') [50 60 0]
Sep 17 14:55:53 neo NetworkManager[1168]: <info>  [1505670953.1161] device (wlp2s0): state change: need-auth -> prepare (reason 'none') [60 40 0]
Sep 17 14:55:53 neo NetworkManager[1168]: <info>  [1505670953.1166] device (wlp2s0): state change: prepare -> config (reason 'none') [40 50 0]
Sep 17 14:55:53 neo NetworkManager[1168]: <info>  [1505670953.1168] device (wlp2s0): Activation: (wifi) connection 'Lcrack' has security, and secrets exist.  No new secrets needed.
Sep 17 14:55:53 neo NetworkManager[1168]: <info>  [1505670953.1168] Config: added 'ssid' value 'Lcrack'
Sep 17 14:55:53 neo NetworkManager[1168]: <info>  [1505670953.1169] Config: added 'scan_ssid' value '1'
Sep 17 14:55:53 neo NetworkManager[1168]: <info>  [1505670953.1169] Config: added 'key_mgmt' value 'WPA-PSK'
Sep 17 14:55:53 neo NetworkManager[1168]: <info>  [1505670953.1169] Config: added 'auth_alg' value 'OPEN'
Sep 17 14:55:53 neo NetworkManager[1168]: <info>  [1505670953.1169] Config: added 'psk' value '<omitted>'
Sep 17 14:55:53 neo NetworkManager[1168]: <info>  [1505670953.1177] sup-iface[0x2861950,wlp2s0]: config: set interface ap_scan to 1
Sep 17 14:55:53 neo kernel: [ 7225.506980] wlp2s0: authenticate with 70:54:d2:54:f3:82
Sep 17 14:55:53 neo NetworkManager[1168]: <info>  [1505670953.9382] device (wlp2s0): supplicant interface state: inactive -> authenticating
Sep 17 14:55:53 neo kernel: [ 7225.524754] wlp2s0: send auth to 70:54:d2:54:f3:82 (try 1/3)
Sep 17 14:55:53 neo kernel: [ 7225.527126] wlp2s0: authenticated
Sep 17 14:55:53 neo kernel: [ 7225.529846] wlp2s0: associate with 70:54:d2:54:f3:82 (try 1/3)
Sep 17 14:55:53 neo kernel: [ 7225.533554] wlp2s0: RX AssocResp from 70:54:d2:54:f3:82 (capab=0x411 status=0 aid=2)
Sep 17 14:55:53 neo kernel: [ 7225.533660] wlp2s0: associated
Sep 17 14:55:53 neo kernel: [ 7225.533670] IPv6: ADDRCONF(NETDEV_CHANGE): wlp2s0: link becomes ready
Sep 17 14:55:53 neo NetworkManager[1168]: <info>  [1505670953.9470] device (wlp2s0): supplicant interface state: authenticating -> associating
Sep 17 14:55:53 neo NetworkManager[1168]: <info>  [1505670953.9522] device (wlp2s0): supplicant interface state: associating -> associated
Sep 17 14:55:53 neo NetworkManager[1168]: <info>  [1505670953.9695] device (wlp2s0): supplicant interface state: associated -> 4-way handshake
Sep 17 14:55:54 neo NetworkManager[1168]: <info>  [1505670954.0505] device (wlp2s0): supplicant interface state: 4-way handshake -> completed
Sep 17 14:55:54 neo NetworkManager[1168]: <info>  [1505670954.0505] device (wlp2s0): Activation: (wifi) Stage 2 of 5 (Device Configure) successful.  Connected to wireless network 'Lcrack'.
Sep 17 14:55:54 neo NetworkManager[1168]: <info>  [1505670954.0506] device (wlp2s0): state change: config -> ip-config (reason 'none') [50 70 0]
Sep 17 14:55:54 neo NetworkManager[1168]: <info>  [1505670954.0516] dhcp4 (wlp2s0): activation: beginning transaction (timeout in 45 seconds)
Sep 17 14:55:54 neo NetworkManager[1168]: <info>  [1505670954.0643] dhcp4 (wlp2s0): dhclient started with pid 4255
Sep 17 14:55:55 neo NetworkManager[1168]: <info>  [1505670955.1236]   address 192.168.0.13
Sep 17 14:55:55 neo NetworkManager[1168]: <info>  [1505670955.1236]   plen 24 (255.255.255.0)
Sep 17 14:55:55 neo NetworkManager[1168]: <info>  [1505670955.1236]   gateway 192.168.0.1
Sep 17 14:55:55 neo NetworkManager[1168]: <info>  [1505670955.1237]   server identifier 192.168.0.1
Sep 17 14:55:55 neo NetworkManager[1168]: <info>  [1505670955.1237]   lease time 3600
Sep 17 14:55:55 neo NetworkManager[1168]: <info>  [1505670955.1237]   nameserver '187.122.254.82'
Sep 17 14:55:55 neo NetworkManager[1168]: <info>  [1505670955.1237]   nameserver '187.122.254.72'
Sep 17 14:55:55 neo NetworkManager[1168]: <info>  [1505670955.1237] dhcp4 (wlp2s0): state changed unknown -> bound
Sep 17 14:55:55 neo NetworkManager[1168]: <info>  [1505670955.1249] device (wlp2s0): state change: ip-config -> ip-check (reason 'none') [70 80 0]
Sep 17 14:55:55 neo NetworkManager[1168]: <info>  [1505670955.1254] device (wlp2s0): state change: ip-check -> secondaries (reason 'none') [80 90 0]
Sep 17 14:55:55 neo NetworkManager[1168]: <info>  [1505670955.1256] device (wlp2s0): state change: secondaries -> activated (reason 'none') [90 100 0]
Sep 17 14:55:55 neo NetworkManager[1168]: <info>  [1505670955.1258] manager: NetworkManager state is now CONNECTED_LOCAL
Sep 17 14:55:55 neo NetworkManager[1168]: <info>  [1505670955.2329] manager: NetworkManager state is now CONNECTED_GLOBAL
Sep 17 14:55:55 neo NetworkManager[1168]: <info>  [1505670955.2330] policy: set 'Lcrack' (wlp2s0) as default for IPv4 routing and DNS
Sep 17 14:55:55 neo NetworkManager[1168]: <info>  [1505670955.2331] dns-plugin[0x276ccd0]: starting dnsmasq...
Sep 17 14:55:55 neo NetworkManager[1168]: <info>  [1505670955.2344] dns-mgr: Writing DNS information to /sbin/resolvconf
Sep 17 14:55:55 neo NetworkManager[1168]: <info>  [1505670955.3200] device (wlp2s0): Activation: successful, device activated.
Sep 17 14:55:55 neo NetworkManager[1168]: <info>  [1505670955.3310] dnsmasq[0x276ccd0]: dnsmasq appeared as :1.51
Sep 17 15:20:38 neo NetworkManager[1168]: <info>  [1505672438.3537]   address 192.168.0.13
Sep 17 15:20:38 neo NetworkManager[1168]: <info>  [1505672438.3537]   plen 24 (255.255.255.0)
Sep 17 15:20:38 neo NetworkManager[1168]: <info>  [1505672438.3537]   gateway 192.168.0.1
Sep 17 15:20:38 neo NetworkManager[1168]: <info>  [1505672438.3537]   server identifier 192.168.0.1
Sep 17 15:20:38 neo NetworkManager[1168]: <info>  [1505672438.3537]   lease time 3600
Sep 17 15:20:38 neo NetworkManager[1168]: <info>  [1505672438.3538]   nameserver '187.122.254.82'
Sep 17 15:20:38 neo NetworkManager[1168]: <info>  [1505672438.3538]   nameserver '187.122.254.72'
Sep 17 15:20:38 neo NetworkManager[1168]: <info>  [1505672438.3538] dhcp4 (wlp2s0): state changed bound -> bound
Sep 17 15:49:42 neo NetworkManager[1168]: <info>  [1505674182.7418]   address 192.168.0.13
Sep 17 15:49:42 neo NetworkManager[1168]: <info>  [1505674182.7424]   plen 24 (255.255.255.0)
Sep 17 15:49:42 neo NetworkManager[1168]: <info>  [1505674182.7427]   gateway 192.168.0.1
Sep 17 15:49:42 neo NetworkManager[1168]: <info>  [1505674182.7429]   server identifier 192.168.0.1
Sep 17 15:49:42 neo NetworkManager[1168]: <info>  [1505674182.7432]   lease time 3600
Sep 17 15:49:42 neo NetworkManager[1168]: <info>  [1505674182.7434]   nameserver '187.122.254.82'
Sep 17 15:49:42 neo NetworkManager[1168]: <info>  [1505674182.7437]   nameserver '187.122.254.72'
Sep 17 15:49:42 neo NetworkManager[1168]: <info>  [1505674182.7439] dhcp4 (wlp2s0): state changed bound -> bound
Sep 17 15:54:00 neo kernel: [10712.170902] perf interrupt took too long (2539 > 2500), lowering kernel.perf_event_max_sample_rate to 50000
Sep 17 16:12:40 neo NetworkManager[1168]: <info>  [1505675560.6393]   address 192.168.0.13
Sep 17 16:12:40 neo NetworkManager[1168]: <info>  [1505675560.6394]   plen 24 (255.255.255.0)
Sep 17 16:12:40 neo NetworkManager[1168]: <info>  [1505675560.6394]   gateway 192.168.0.1
Sep 17 16:12:40 neo NetworkManager[1168]: <info>  [1505675560.6395]   server identifier 192.168.0.1
Sep 17 16:12:40 neo NetworkManager[1168]: <info>  [1505675560.6395]   lease time 3600
Sep 17 16:12:40 neo NetworkManager[1168]: <info>  [1505675560.6395]   nameserver '187.122.254.82'
Sep 17 16:12:40 neo NetworkManager[1168]: <info>  [1505675560.6395]   nameserver '187.122.254.72'
Sep 17 16:12:40 neo NetworkManager[1168]: <info>  [1505675560.6395] dhcp4 (wlp2s0): state changed bound -> bound
Sep 17 16:39:36 neo NetworkManager[1168]: <info>  [1505677176.8126]   address 192.168.0.13
Sep 17 16:39:36 neo NetworkManager[1168]: <info>  [1505677176.8126]   plen 24 (255.255.255.0)
Sep 17 16:39:36 neo NetworkManager[1168]: <info>  [1505677176.8126]   gateway 192.168.0.1
Sep 17 16:39:36 neo NetworkManager[1168]: <info>  [1505677176.8126]   server identifier 192.168.0.1
Sep 17 16:39:36 neo NetworkManager[1168]: <info>  [1505677176.8126]   lease time 3600
Sep 17 16:39:36 neo NetworkManager[1168]: <info>  [1505677176.8126]   nameserver '187.122.254.82'
Sep 17 16:39:36 neo NetworkManager[1168]: <info>  [1505677176.8126]   nameserver '187.122.254.72'
Sep 17 16:39:36 neo NetworkManager[1168]: <info>  [1505677176.8126] dhcp4 (wlp2s0): state changed bound -> bound
Sep 17 17:09:01 neo NetworkManager[1168]: <info>  [1505678941.9040]   address 192.168.0.13
Sep 17 17:09:01 neo NetworkManager[1168]: <info>  [1505678941.9040]   plen 24 (255.255.255.0)
Sep 17 17:09:01 neo NetworkManager[1168]: <info>  [1505678941.9041]   gateway 192.168.0.1
Sep 17 17:09:01 neo NetworkManager[1168]: <info>  [1505678941.9041]   server identifier 192.168.0.1
Sep 17 17:09:01 neo NetworkManager[1168]: <info>  [1505678941.9041]   lease time 3600
Sep 17 17:09:01 neo NetworkManager[1168]: <info>  [1505678941.9041]   nameserver '187.122.254.82'
Sep 17 17:09:01 neo NetworkManager[1168]: <info>  [1505678941.9041]   nameserver '187.122.254.72'
Sep 17 17:09:01 neo NetworkManager[1168]: <info>  [1505678941.9042] dhcp4 (wlp2s0): state changed bound -> bound
Sep 17 17:35:07 neo NetworkManager[1168]: <info>  [1505680507.3838]   address 192.168.0.13
Sep 17 17:35:07 neo NetworkManager[1168]: <info>  [1505680507.3838]   plen 24 (255.255.255.0)
Sep 17 17:35:07 neo NetworkManager[1168]: <info>  [1505680507.3839]   gateway 192.168.0.1
Sep 17 17:35:07 neo NetworkManager[1168]: <info>  [1505680507.3839]   server identifier 192.168.0.1
Sep 17 17:35:07 neo NetworkManager[1168]: <info>  [1505680507.3839]   lease time 3600
Sep 17 17:35:07 neo NetworkManager[1168]: <info>  [1505680507.3839]   nameserver '187.122.254.82'
Sep 17 17:35:07 neo NetworkManager[1168]: <info>  [1505680507.3839]   nameserver '187.122.254.72'
Sep 17 17:35:07 neo NetworkManager[1168]: <info>  [1505680507.3839] dhcp4 (wlp2s0): state changed bound -> bound
Sep 17 17:59:41 neo NetworkManager[1168]: <info>  [1505681981.6404]   address 192.168.0.13
Sep 17 17:59:41 neo NetworkManager[1168]: <info>  [1505681981.6404]   plen 24 (255.255.255.0)
Sep 17 17:59:41 neo NetworkManager[1168]: <info>  [1505681981.6404]   gateway 192.168.0.1
Sep 17 17:59:41 neo NetworkManager[1168]: <info>  [1505681981.6404]   server identifier 192.168.0.1
Sep 17 17:59:41 neo NetworkManager[1168]: <info>  [1505681981.6404]   lease time 3600
Sep 17 17:59:41 neo NetworkManager[1168]: <info>  [1505681981.6404]   nameserver '187.122.254.82'
Sep 17 17:59:41 neo NetworkManager[1168]: <info>  [1505681981.6404]   nameserver '187.122.254.72'
Sep 17 17:59:41 neo NetworkManager[1168]: <info>  [1505681981.6404] dhcp4 (wlp2s0): state changed bound -> bound
Sep 17 18:23:12 neo NetworkManager[1168]: <info>  [1505683392.2022]   address 192.168.0.13
Sep 17 18:23:12 neo NetworkManager[1168]: <info>  [1505683392.2026]   plen 24 (255.255.255.0)
Sep 17 18:23:12 neo NetworkManager[1168]: <info>  [1505683392.2028]   gateway 192.168.0.1
Sep 17 18:23:12 neo NetworkManager[1168]: <info>  [1505683392.2028]   server identifier 192.168.0.1
Sep 17 18:23:12 neo NetworkManager[1168]: <info>  [1505683392.2028]   lease time 3600
Sep 17 18:23:12 neo NetworkManager[1168]: <info>  [1505683392.2028]   nameserver '187.122.254.82'
Sep 17 18:23:12 neo NetworkManager[1168]: <info>  [1505683392.2029]   nameserver '187.122.254.72'
Sep 17 18:23:12 neo NetworkManager[1168]: <info>  [1505683392.2029] dhcp4 (wlp2s0): state changed bound -> bound
Sep 17 18:45:44 neo NetworkManager[1168]: <info>  [1505684744.1077]   address 192.168.0.13
Sep 17 18:45:44 neo NetworkManager[1168]: <info>  [1505684744.1078]   plen 24 (255.255.255.0)
Sep 17 18:45:44 neo NetworkManager[1168]: <info>  [1505684744.1078]   gateway 192.168.0.1
Sep 17 18:45:44 neo NetworkManager[1168]: <info>  [1505684744.1078]   server identifier 192.168.0.1
Sep 17 18:45:44 neo NetworkManager[1168]: <info>  [1505684744.1078]   lease time 3600
Sep 17 18:45:44 neo NetworkManager[1168]: <info>  [1505684744.1078]   nameserver '187.122.254.82'
Sep 17 18:45:44 neo NetworkManager[1168]: <info>  [1505684744.1078]   nameserver '187.122.254.72'
Sep 17 18:45:44 neo NetworkManager[1168]: <info>  [1505684744.1078] dhcp4 (wlp2s0): state changed bound -> bound
Sep 17 19:05:48 neo NetworkManager[1168]: <info>  [1505685948.8256] manager: disable requested (sleeping: no  enabled: yes)
Sep 17 19:05:48 neo NetworkManager[1168]: <info>  [1505685948.8257] manager: disabling...
Sep 17 19:05:48 neo NetworkManager[1168]: <info>  [1505685948.8257] device (enp1s0): state change: unavailable -> unmanaged (reason 'sleeping') [20 10 37]
Sep 17 19:05:48 neo NetworkManager[1168]: <info>  [1505685948.8407] manager: NetworkManager state is now ASLEEP
Sep 17 19:05:48 neo NetworkManager[1168]: <info>  [1505685948.8409] audit: op="networking-control" arg="off" pid=3650 uid=1000 result="success"
Sep 17 19:05:48 neo NetworkManager[1168]: <info>  [1505685948.8411] device (wlp2s0): state change: activated -> deactivating (reason 'sleeping') [100 110 37]
Sep 17 19:05:48 neo NetworkManager[1168]: <info>  [1505685948.9051] device (wlp2s0): state change: deactivating -> disconnected (reason 'sleeping') [110 30 37]
Sep 17 19:05:48 neo NetworkManager[1168]: <info>  [1505685948.9220] dhcp4 (wlp2s0): canceled DHCP transaction, DHCP client pid 4255
Sep 17 19:05:48 neo NetworkManager[1168]: <info>  [1505685948.9221] dhcp4 (wlp2s0): state changed bound -> done
Sep 17 19:05:48 neo kernel: [22220.751111] wlp2s0: deauthenticating from 70:54:d2:54:f3:82 by local choice (Reason: 3=DEAUTH_LEAVING)
Sep 17 19:05:48 neo NetworkManager[1168]: <info>  [1505685948.9333] dns-mgr: Writing DNS information to /sbin/resolvconf
Sep 17 19:05:48 neo kernel: [22220.761059] cfg80211: World regulatory domain updated:
Sep 17 19:05:48 neo kernel: [22220.761062] cfg80211:  DFS Master region: unset
Sep 17 19:05:48 neo kernel: [22220.761063] cfg80211:   (start_freq - end_freq @ bandwidth), (max_antenna_gain, max_eirp), (dfs_cac_time)
Sep 17 19:05:48 neo kernel: [22220.761065] cfg80211:   (2402000 KHz - 2472000 KHz @ 40000 KHz), (N/A, 2000 mBm), (N/A)
Sep 17 19:05:48 neo kernel: [22220.761066] cfg80211:   (2457000 KHz - 2482000 KHz @ 40000 KHz), (N/A, 2000 mBm), (N/A)
Sep 17 19:05:48 neo kernel: [22220.761067] cfg80211:   (2474000 KHz - 2494000 KHz @ 20000 KHz), (N/A, 2000 mBm), (N/A)
Sep 17 19:05:48 neo kernel: [22220.761069] cfg80211:   (5170000 KHz - 5250000 KHz @ 80000 KHz, 160000 KHz AUTO), (N/A, 2000 mBm), (N/A)
Sep 17 19:05:48 neo kernel: [22220.761070] cfg80211:   (5250000 KHz - 5330000 KHz @ 80000 KHz, 160000 KHz AUTO), (N/A, 2000 mBm), (0 s)
Sep 17 19:05:48 neo kernel: [22220.761071] cfg80211:   (5490000 KHz - 5730000 KHz @ 160000 KHz), (N/A, 2000 mBm), (0 s)
Sep 17 19:05:48 neo kernel: [22220.761072] cfg80211:   (5735000 KHz - 5835000 KHz @ 80000 KHz), (N/A, 2000 mBm), (N/A)
Sep 17 19:05:48 neo kernel: [22220.761073] cfg80211:   (57240000 KHz - 63720000 KHz @ 2160000 KHz), (N/A, 0 mBm), (N/A)
Sep 17 19:05:48 neo NetworkManager[1168]: <warn>  [1505685948.9394] sup-iface[0x2861950,wlp2s0]: connection disconnected (reason -3)
Sep 17 19:05:48 neo NetworkManager[1168]: <info>  [1505685948.9394] device (wlp2s0): supplicant interface state: completed -> disconnected
Sep 17 19:05:48 neo NetworkManager[1168]: <info>  [1505685948.9401] device (wlp2s0): state change: disconnected -> unmanaged (reason 'sleeping') [30 10 37]
Sep 17 20:06:02 neo kernel: [25834.311848] usb 2-2: USB disconnect, device number 3
Sep 17 20:13:16 neo kernel: [26268.024265] usb 2-2: new low-speed USB device number 8 using xhci_hcd
Sep 17 20:13:16 neo kernel: [26268.213845] usb 2-2: New USB device found, idVendor=046d, idProduct=c31c
Sep 17 20:13:16 neo kernel: [26268.213851] usb 2-2: New USB device strings: Mfr=1, Product=2, SerialNumber=0
Sep 17 20:13:16 neo kernel: [26268.213854] usb 2-2: Product: USB Keyboard
Sep 17 20:13:16 neo kernel: [26268.213857] usb 2-2: Manufacturer: Logitech
Sep 17 20:13:16 neo kernel: [26268.214136] usb 2-2: ep 0x81 - rounding interval to 64 microframes, ep desc says 80 microframes
Sep 17 20:13:16 neo kernel: [26268.214146] usb 2-2: ep 0x82 - rounding interval to 1024 microframes, ep desc says 2040 microframes
Sep 17 20:13:16 neo kernel: [26268.219681] input: Logitech USB Keyboard as /devices/pci0000:00/0000:00:14.0/usb2/2-2/2-2:1.0/0003:046D:C31C.0005/input/input19
Sep 17 20:13:16 neo kernel: [26268.272767] hid-generic 0003:046D:C31C.0005: input,hidraw2: USB HID v1.10 Keyboard [Logitech USB Keyboard] on usb-0000:00:14.0-2/input0
Sep 17 20:13:16 neo kernel: [26268.279614] input: Logitech USB Keyboard as /devices/pci0000:00/0000:00:14.0/usb2/2-2/2-2:1.1/0003:046D:C31C.0006/input/input20
Sep 17 20:13:16 neo kernel: [26268.332328] hid-generic 0003:046D:C31C.0006: input,hidraw3: USB HID v1.10 Device [Logitech USB Keyboard] on usb-0000:00:14.0-2/input1
Sep 17 20:20:21 neo kernel: [26693.178121] POWERPNT.EXE: sending ioctl 5305 to a partition!
Sep 17 20:20:30 neo kernel: [26702.391387] POWERPNT.EXE: sending ioctl 5305 to a partition!
Sep 17 20:20:31 neo kernel: [26702.796732] POWERPNT.EXE: sending ioctl 5305 to a partition!
Sep 17 20:32:51 neo NetworkManager[1168]: <info>  [1505691171.1305] manager: enable requested (sleeping: no  enabled: no)
Sep 17 20:32:51 neo NetworkManager[1168]: <info>  [1505691171.1306] manager: re-enabling...
Sep 17 20:32:51 neo NetworkManager[1168]: <info>  [1505691171.1306] device (enp1s0): state change: unmanaged -> unavailable (reason 'managed') [10 20 2]
Sep 17 20:32:51 neo kernel: [27442.889230] IPv6: ADDRCONF(NETDEV_UP): enp1s0: link is not ready
Sep 17 20:32:51 neo NetworkManager[1168]: <info>  [1505691171.1448] device (wlp2s0): state change: unmanaged -> unavailable (reason 'managed') [10 20 2]
Sep 17 20:32:51 neo kernel: [27442.902498] r8169 0000:01:00.0 enp1s0: link down
Sep 17 20:32:51 neo kernel: [27442.902574] IPv6: ADDRCONF(NETDEV_UP): enp1s0: link is not ready
Sep 17 20:32:51 neo kernel: [27442.903351] IPv6: ADDRCONF(NETDEV_UP): wlp2s0: link is not ready
Sep 17 20:32:51 neo NetworkManager[1168]: <info>  [1505691171.1614] manager: NetworkManager state is now DISCONNECTED
Sep 17 20:32:51 neo NetworkManager[1168]: <info>  [1505691171.1615] audit: op="networking-control" arg="on" pid=3650 uid=1000 result="success"
Sep 17 20:32:51 neo kernel: [27442.919187] IPv6: ADDRCONF(NETDEV_UP): wlp2s0: link is not ready
Sep 17 20:32:51 neo NetworkManager[1168]: <info>  [1505691171.1992] device (wlp2s0): supplicant interface state: starting -> ready
Sep 17 20:32:51 neo NetworkManager[1168]: <info>  [1505691171.1993] device (wlp2s0): state change: unavailable -> disconnected (reason 'supplicant-available') [20 30 42]
Sep 17 20:32:51 neo kernel: [27442.957980] IPv6: ADDRCONF(NETDEV_UP): wlp2s0: link is not ready
Sep 17 20:32:52 neo NetworkManager[1168]: <info>  [1505691172.0515] device (wlp2s0): supplicant interface state: ready -> inactive
Sep 17 20:32:52 neo NetworkManager[1168]: <info>  [1505691172.0574] policy: auto-activating connection 'Lcrack'
Sep 17 20:32:52 neo NetworkManager[1168]: <info>  [1505691172.0622] device (wlp2s0): Activation: starting connection 'Lcrack' (cdce19ee-c28e-4987-85d3-9a78f361968d)
Sep 17 20:32:52 neo NetworkManager[1168]: <info>  [1505691172.0674] device (wlp2s0): state change: disconnected -> prepare (reason 'none') [30 40 0]
Sep 17 20:32:52 neo NetworkManager[1168]: <info>  [1505691172.0676] manager: NetworkManager state is now CONNECTING
Sep 17 20:32:52 neo NetworkManager[1168]: <info>  [1505691172.0681] device (wlp2s0): state change: prepare -> config (reason 'none') [40 50 0]
Sep 17 20:32:52 neo NetworkManager[1168]: <info>  [1505691172.0683] device (wlp2s0): Activation: (wifi) access point 'Lcrack' has security, but secrets are required.
Sep 17 20:32:52 neo NetworkManager[1168]: <info>  [1505691172.0683] device (wlp2s0): state change: config -> need-auth (reason 'none') [50 60 0]
Sep 17 20:32:52 neo NetworkManager[1168]: <info>  [1505691172.0713] device (wlp2s0): state change: need-auth -> prepare (reason 'none') [60 40 0]
Sep 17 20:32:52 neo NetworkManager[1168]: <info>  [1505691172.0716] device (wlp2s0): state change: prepare -> config (reason 'none') [40 50 0]
Sep 17 20:32:52 neo NetworkManager[1168]: <info>  [1505691172.0718] device (wlp2s0): Activation: (wifi) connection 'Lcrack' has security, and secrets exist.  No new secrets needed.
Sep 17 20:32:52 neo NetworkManager[1168]: <info>  [1505691172.0719] Config: added 'ssid' value 'Lcrack'
Sep 17 20:32:52 neo NetworkManager[1168]: <info>  [1505691172.0719] Config: added 'scan_ssid' value '1'
Sep 17 20:32:52 neo NetworkManager[1168]: <info>  [1505691172.0719] Config: added 'key_mgmt' value 'WPA-PSK'
Sep 17 20:32:52 neo NetworkManager[1168]: <info>  [1505691172.0719] Config: added 'auth_alg' value 'OPEN'
Sep 17 20:32:52 neo NetworkManager[1168]: <info>  [1505691172.0719] Config: added 'psk' value '<omitted>'
Sep 17 20:32:52 neo NetworkManager[1168]: <info>  [1505691172.0759] sup-iface[0x2895140,wlp2s0]: config: set interface ap_scan to 1
Sep 17 20:32:52 neo kernel: [27444.653244] wlp2s0: authenticate with 70:54:d2:54:f3:82
Sep 17 20:32:52 neo NetworkManager[1168]: <info>  [1505691172.9133] device (wlp2s0): supplicant interface state: inactive -> authenticating
Sep 17 20:32:52 neo kernel: [27444.671248] wlp2s0: send auth to 70:54:d2:54:f3:82 (try 1/3)
Sep 17 20:32:52 neo kernel: [27444.677086] wlp2s0: authenticated
Sep 17 20:32:52 neo kernel: [27444.680334] wlp2s0: associate with 70:54:d2:54:f3:82 (try 1/3)
Sep 17 20:32:52 neo NetworkManager[1168]: <info>  [1505691172.9245] device (wlp2s0): supplicant interface state: authenticating -> associating
Sep 17 20:32:52 neo kernel: [27444.684060] wlp2s0: RX AssocResp from 70:54:d2:54:f3:82 (capab=0x411 status=0 aid=3)
Sep 17 20:32:52 neo kernel: [27444.684161] wlp2s0: associated
Sep 17 20:32:52 neo kernel: [27444.684169] IPv6: ADDRCONF(NETDEV_CHANGE): wlp2s0: link becomes ready
Sep 17 20:32:52 neo NetworkManager[1168]: <info>  [1505691172.9314] device (wlp2s0): supplicant interface state: associating -> associated
Sep 17 20:32:52 neo NetworkManager[1168]: <info>  [1505691172.9466] device (wlp2s0): supplicant interface state: associated -> 4-way handshake
Sep 17 20:32:52 neo NetworkManager[1168]: <info>  [1505691172.9716] device (wlp2s0): supplicant interface state: 4-way handshake -> completed
Sep 17 20:32:52 neo NetworkManager[1168]: <info>  [1505691172.9717] device (wlp2s0): Activation: (wifi) Stage 2 of 5 (Device Configure) successful.  Connected to wireless network 'Lcrack'.
Sep 17 20:32:52 neo NetworkManager[1168]: <info>  [1505691172.9718] device (wlp2s0): state change: config -> ip-config (reason 'none') [50 70 0]
Sep 17 20:32:52 neo NetworkManager[1168]: <info>  [1505691172.9723] dhcp4 (wlp2s0): activation: beginning transaction (timeout in 45 seconds)
Sep 17 20:32:52 neo NetworkManager[1168]: <info>  [1505691172.9737] dhcp4 (wlp2s0): dhclient started with pid 23216
Sep 17 20:32:54 neo NetworkManager[1168]: <info>  [1505691174.0200]   address 192.168.0.13
Sep 17 20:32:54 neo NetworkManager[1168]: <info>  [1505691174.0200]   plen 24 (255.255.255.0)
Sep 17 20:32:54 neo NetworkManager[1168]: <info>  [1505691174.0200]   gateway 192.168.0.1
Sep 17 20:32:54 neo NetworkManager[1168]: <info>  [1505691174.0201]   server identifier 192.168.0.1
Sep 17 20:32:54 neo NetworkManager[1168]: <info>  [1505691174.0201]   lease time 3600
Sep 17 20:32:54 neo NetworkManager[1168]: <info>  [1505691174.0201]   nameserver '187.122.254.82'
Sep 17 20:32:54 neo NetworkManager[1168]: <info>  [1505691174.0201]   nameserver '187.122.254.72'
Sep 17 20:32:54 neo NetworkManager[1168]: <info>  [1505691174.0201] dhcp4 (wlp2s0): state changed unknown -> bound
Sep 17 20:32:54 neo NetworkManager[1168]: <info>  [1505691174.0218] device (wlp2s0): state change: ip-config -> ip-check (reason 'none') [70 80 0]
Sep 17 20:32:54 neo NetworkManager[1168]: <info>  [1505691174.0222] device (wlp2s0): state change: ip-check -> secondaries (reason 'none') [80 90 0]
Sep 17 20:32:54 neo NetworkManager[1168]: <info>  [1505691174.0225] device (wlp2s0): state change: secondaries -> activated (reason 'none') [90 100 0]
Sep 17 20:32:54 neo NetworkManager[1168]: <info>  [1505691174.0226] manager: NetworkManager state is now CONNECTED_LOCAL
Sep 17 20:32:54 neo NetworkManager[1168]: <info>  [1505691174.1132] manager: NetworkManager state is now CONNECTED_GLOBAL
Sep 17 20:32:54 neo NetworkManager[1168]: <info>  [1505691174.1133] policy: set 'Lcrack' (wlp2s0) as default for IPv4 routing and DNS
Sep 17 20:32:54 neo NetworkManager[1168]: <info>  [1505691174.1135] dns-mgr: Writing DNS information to /sbin/resolvconf
Sep 17 20:32:54 neo NetworkManager[1168]: <info>  [1505691174.1178] device (wlp2s0): Activation: successful, device activated.
Sep 17 20:59:44 neo NetworkManager[1168]: <info>  [1505692784.0531]   address 192.168.0.13
Sep 17 20:59:44 neo NetworkManager[1168]: <info>  [1505692784.0531]   plen 24 (255.255.255.0)
Sep 17 20:59:44 neo NetworkManager[1168]: <info>  [1505692784.0531]   gateway 192.168.0.1
Sep 17 20:59:44 neo NetworkManager[1168]: <info>  [1505692784.0531]   server identifier 192.168.0.1
Sep 17 20:59:44 neo NetworkManager[1168]: <info>  [1505692784.0531]   lease time 3600
Sep 17 20:59:44 neo NetworkManager[1168]: <info>  [1505692784.0532]   nameserver '187.122.254.82'
Sep 17 20:59:44 neo NetworkManager[1168]: <info>  [1505692784.0532]   nameserver '187.122.254.72'
Sep 17 20:59:44 neo NetworkManager[1168]: <info>  [1505692784.0532] dhcp4 (wlp2s0): state changed bound -> bound
Sep 17 21:25:42 neo NetworkManager[1168]: <info>  [1505694342.7758]   address 192.168.0.13
Sep 17 21:25:42 neo NetworkManager[1168]: <info>  [1505694342.7758]   plen 24 (255.255.255.0)
Sep 17 21:25:42 neo NetworkManager[1168]: <info>  [1505694342.7758]   gateway 192.168.0.1
Sep 17 21:25:42 neo NetworkManager[1168]: <info>  [1505694342.7758]   server identifier 192.168.0.1
Sep 17 21:25:42 neo NetworkManager[1168]: <info>  [1505694342.7758]   lease time 3600
Sep 17 21:25:42 neo NetworkManager[1168]: <info>  [1505694342.7759]   nameserver '187.122.254.82'
Sep 17 21:25:42 neo NetworkManager[1168]: <info>  [1505694342.7759]   nameserver '187.122.254.72'
Sep 17 21:25:42 neo NetworkManager[1168]: <info>  [1505694342.7759] dhcp4 (wlp2s0): state changed bound -> bound
Sep 17 21:48:27 neo NetworkManager[1168]: <info>  [1505695707.1584]   address 192.168.0.13
Sep 17 21:48:27 neo NetworkManager[1168]: <info>  [1505695707.1584]   plen 24 (255.255.255.0)
Sep 17 21:48:27 neo NetworkManager[1168]: <info>  [1505695707.1584]   gateway 192.168.0.1
Sep 17 21:48:27 neo NetworkManager[1168]: <info>  [1505695707.1584]   server identifier 192.168.0.1
Sep 17 21:48:27 neo NetworkManager[1168]: <info>  [1505695707.1584]   lease time 3600
Sep 17 21:48:27 neo NetworkManager[1168]: <info>  [1505695707.1585]   nameserver '187.122.254.82'
Sep 17 21:48:27 neo NetworkManager[1168]: <info>  [1505695707.1585]   nameserver '187.122.254.72'
Sep 17 21:48:27 neo NetworkManager[1168]: <info>  [1505695707.1585] dhcp4 (wlp2s0): state changed bound -> bound
Sep 17 22:12:17 neo NetworkManager[1168]: <info>  [1505697137.8101]   address 192.168.0.13
Sep 17 22:12:17 neo NetworkManager[1168]: <info>  [1505697137.8102]   plen 24 (255.255.255.0)
Sep 17 22:12:17 neo NetworkManager[1168]: <info>  [1505697137.8102]   gateway 192.168.0.1
Sep 17 22:12:17 neo NetworkManager[1168]: <info>  [1505697137.8102]   server identifier 192.168.0.1
Sep 17 22:12:17 neo NetworkManager[1168]: <info>  [1505697137.8102]   lease time 3600
Sep 17 22:12:17 neo NetworkManager[1168]: <info>  [1505697137.8102]   nameserver '187.122.254.82'
Sep 17 22:12:17 neo NetworkManager[1168]: <info>  [1505697137.8102]   nameserver '187.122.254.72'
Sep 17 22:12:17 neo NetworkManager[1168]: <info>  [1505697137.8103] dhcp4 (wlp2s0): state changed bound -> bound
Sep 17 22:35:58 neo NetworkManager[1168]: <info>  [1505698558.2997]   address 192.168.0.13
Sep 17 22:35:58 neo NetworkManager[1168]: <info>  [1505698558.2997]   plen 24 (255.255.255.0)
Sep 17 22:35:58 neo NetworkManager[1168]: <info>  [1505698558.2998]   gateway 192.168.0.1
Sep 17 22:35:58 neo NetworkManager[1168]: <info>  [1505698558.2998]   server identifier 192.168.0.1
Sep 17 22:35:58 neo NetworkManager[1168]: <info>  [1505698558.2998]   lease time 3600
Sep 17 22:35:58 neo NetworkManager[1168]: <info>  [1505698558.2998]   nameserver '187.122.254.82'
Sep 17 22:35:58 neo NetworkManager[1168]: <info>  [1505698558.2999]   nameserver '187.122.254.72'
Sep 17 22:35:58 neo NetworkManager[1168]: <info>  [1505698558.3001] dhcp4 (wlp2s0): state changed bound -> bound
Sep 17 22:45:28 neo kernel: [35400.299587] POWERPNT.EXE: sending ioctl 5305 to a partition!
Sep 17 22:45:29 neo kernel: [35400.897794] POWERPNT.EXE: sending ioctl 5305 to a partition!
Sep 17 23:04:39 neo kernel: [36551.573751] POWERPNT.EXE: sending ioctl 5305 to a partition!
Sep 17 23:04:40 neo kernel: [36552.120352] POWERPNT.EXE: sending ioctl 5305 to a partition!
Sep 17 23:05:00 neo NetworkManager[1168]: <info>  [1505700300.8504]   address 192.168.0.13
Sep 17 23:05:00 neo NetworkManager[1168]: <info>  [1505700300.8505]   plen 24 (255.255.255.0)
Sep 17 23:05:00 neo NetworkManager[1168]: <info>  [1505700300.8505]   gateway 192.168.0.1
Sep 17 23:05:00 neo NetworkManager[1168]: <info>  [1505700300.8505]   server identifier 192.168.0.1
Sep 17 23:05:00 neo NetworkManager[1168]: <info>  [1505700300.8505]   lease time 3600
Sep 17 23:05:00 neo NetworkManager[1168]: <info>  [1505700300.8505]   nameserver '187.122.254.82'
Sep 17 23:05:00 neo NetworkManager[1168]: <info>  [1505700300.8505]   nameserver '187.122.254.72'
Sep 17 23:05:00 neo NetworkManager[1168]: <info>  [1505700300.8506] dhcp4 (wlp2s0): state changed bound -> bound
Sep 17 23:31:13 neo NetworkManager[1168]: <info>  [1505701873.1014]   address 192.168.0.13
Sep 17 23:31:13 neo NetworkManager[1168]: <info>  [1505701873.1014]   plen 24 (255.255.255.0)
Sep 17 23:31:13 neo NetworkManager[1168]: <info>  [1505701873.1015]   gateway 192.168.0.1
Sep 17 23:31:13 neo NetworkManager[1168]: <info>  [1505701873.1015]   server identifier 192.168.0.1
Sep 17 23:31:13 neo NetworkManager[1168]: <info>  [1505701873.1015]   lease time 3600
Sep 17 23:31:13 neo NetworkManager[1168]: <info>  [1505701873.1016]   nameserver '187.122.254.82'
Sep 17 23:31:13 neo NetworkManager[1168]: <info>  [1505701873.1016]   nameserver '187.122.254.72'
Sep 17 23:31:13 neo NetworkManager[1168]: <info>  [1505701873.1016] dhcp4 (wlp2s0): state changed bound -> bound
Sep 17 23:55:27 neo NetworkManager[1168]: <info>  [1505703327.1799]   address 192.168.0.13
Sep 17 23:55:27 neo NetworkManager[1168]: <info>  [1505703327.1799]   plen 24 (255.255.255.0)
Sep 17 23:55:27 neo NetworkManager[1168]: <info>  [1505703327.1800]   gateway 192.168.0.1
Sep 17 23:55:27 neo NetworkManager[1168]: <info>  [1505703327.1800]   server identifier 192.168.0.1
Sep 17 23:55:27 neo NetworkManager[1168]: <info>  [1505703327.1800]   lease time 3600
Sep 17 23:55:27 neo NetworkManager[1168]: <info>  [1505703327.1800]   nameserver '187.122.254.82'
Sep 17 23:55:27 neo NetworkManager[1168]: <info>  [1505703327.1800]   nameserver '187.122.254.72'
Sep 17 23:55:27 neo NetworkManager[1168]: <info>  [1505703327.1800] dhcp4 (wlp2s0): state changed bound -> bound
Sep 18 00:18:18 neo NetworkManager[1168]: <info>  [1505704698.9423]   address 192.168.0.13
Sep 18 00:18:18 neo NetworkManager[1168]: <info>  [1505704698.9423]   plen 24 (255.255.255.0)
Sep 18 00:18:18 neo NetworkManager[1168]: <info>  [1505704698.9423]   gateway 192.168.0.1
Sep 18 00:18:18 neo NetworkManager[1168]: <info>  [1505704698.9423]   server identifier 192.168.0.1
Sep 18 00:18:18 neo NetworkManager[1168]: <info>  [1505704698.9423]   lease time 3600
Sep 18 00:18:18 neo NetworkManager[1168]: <info>  [1505704698.9424]   nameserver '187.122.254.82'
Sep 18 00:18:18 neo NetworkManager[1168]: <info>  [1505704698.9424]   nameserver '187.122.254.72'
Sep 18 00:18:18 neo NetworkManager[1168]: <info>  [1505704698.9424] dhcp4 (wlp2s0): state changed bound -> bound
Sep 18 00:25:55 neo kernel: [41426.595560] POWERPNT.EXE: sending ioctl 5305 to a partition!
Sep 18 00:25:55 neo kernel: [41427.261163] POWERPNT.EXE: sending ioctl 5305 to a partition!
Sep 18 00:42:59 neo NetworkManager[1168]: <info>  [1505706179.6410]   address 192.168.0.13
Sep 18 00:42:59 neo NetworkManager[1168]: <info>  [1505706179.6410]   plen 24 (255.255.255.0)
Sep 18 00:42:59 neo NetworkManager[1168]: <info>  [1505706179.6410]   gateway 192.168.0.1
Sep 18 00:42:59 neo NetworkManager[1168]: <info>  [1505706179.6410]   server identifier 192.168.0.1
Sep 18 00:42:59 neo NetworkManager[1168]: <info>  [1505706179.6410]   lease time 3600
Sep 18 00:42:59 neo NetworkManager[1168]: <info>  [1505706179.6411]   nameserver '187.122.254.82'
Sep 18 00:42:59 neo NetworkManager[1168]: <info>  [1505706179.6411]   nameserver '187.122.254.72'
Sep 18 00:42:59 neo NetworkManager[1168]: <info>  [1505706179.6411] dhcp4 (wlp2s0): state changed bound -> bound
Sep 18 00:49:32 neo NetworkManager[1168]: <info>  [1505706572.9568] manager: disable requested (sleeping: no  enabled: yes)
Sep 18 00:49:32 neo NetworkManager[1168]: <info>  [1505706572.9569] manager: disabling...
Sep 18 00:49:32 neo NetworkManager[1168]: <info>  [1505706572.9569] device (enp1s0): state change: unavailable -> unmanaged (reason 'sleeping') [20 10 37]
Sep 18 00:49:32 neo NetworkManager[1168]: <info>  [1505706572.9709] manager: NetworkManager state is now ASLEEP
Sep 18 00:49:32 neo NetworkManager[1168]: <info>  [1505706572.9714] audit: op="networking-control" arg="off" pid=3650 uid=1000 result="success"
Sep 18 00:49:32 neo NetworkManager[1168]: <info>  [1505706572.9721] device (wlp2s0): state change: activated -> deactivating (reason 'sleeping') [100 110 37]
Sep 18 00:49:33 neo NetworkManager[1168]: <info>  [1505706573.0365] device (wlp2s0): state change: deactivating -> disconnected (reason 'sleeping') [110 30 37]
Sep 18 00:49:33 neo NetworkManager[1168]: <info>  [1505706573.0697] dhcp4 (wlp2s0): canceled DHCP transaction, DHCP client pid 23216
Sep 18 00:49:33 neo NetworkManager[1168]: <info>  [1505706573.0698] dhcp4 (wlp2s0): state changed bound -> done
Sep 18 00:49:33 neo kernel: [42844.614370] wlp2s0: deauthenticating from 70:54:d2:54:f3:82 by local choice (Reason: 3=DEAUTH_LEAVING)
Sep 18 00:49:33 neo NetworkManager[1168]: <info>  [1505706573.0808] dns-mgr: Writing DNS information to /sbin/resolvconf
Sep 18 00:49:33 neo kernel: [42844.624854] cfg80211: World regulatory domain updated:
Sep 18 00:49:33 neo kernel: [42844.624858] cfg80211:  DFS Master region: unset
Sep 18 00:49:33 neo kernel: [42844.624860] cfg80211:   (start_freq - end_freq @ bandwidth), (max_antenna_gain, max_eirp), (dfs_cac_time)
Sep 18 00:49:33 neo kernel: [42844.624862] cfg80211:   (2402000 KHz - 2472000 KHz @ 40000 KHz), (N/A, 2000 mBm), (N/A)
Sep 18 00:49:33 neo kernel: [42844.624864] cfg80211:   (2457000 KHz - 2482000 KHz @ 40000 KHz), (N/A, 2000 mBm), (N/A)
Sep 18 00:49:33 neo kernel: [42844.624866] cfg80211:   (2474000 KHz - 2494000 KHz @ 20000 KHz), (N/A, 2000 mBm), (N/A)
Sep 18 00:49:33 neo kernel: [42844.624868] cfg80211:   (5170000 KHz - 5250000 KHz @ 80000 KHz, 160000 KHz AUTO), (N/A, 2000 mBm), (N/A)
Sep 18 00:49:33 neo kernel: [42844.624871] cfg80211:   (5250000 KHz - 5330000 KHz @ 80000 KHz, 160000 KHz AUTO), (N/A, 2000 mBm), (0 s)
Sep 18 00:49:33 neo kernel: [42844.624873] cfg80211:   (5490000 KHz - 5730000 KHz @ 160000 KHz), (N/A, 2000 mBm), (0 s)
Sep 18 00:49:33 neo kernel: [42844.624875] cfg80211:   (5735000 KHz - 5835000 KHz @ 80000 KHz), (N/A, 2000 mBm), (N/A)
Sep 18 00:49:33 neo kernel: [42844.624876] cfg80211:   (57240000 KHz - 63720000 KHz @ 2160000 KHz), (N/A, 0 mBm), (N/A)
Sep 18 00:49:33 neo NetworkManager[1168]: <warn>  [1505706573.0868] sup-iface[0x2895140,wlp2s0]: connection disconnected (reason -3)
Sep 18 00:49:33 neo NetworkManager[1168]: <info>  [1505706573.0869] device (wlp2s0): supplicant interface state: completed -> disconnected
Sep 18 00:49:33 neo NetworkManager[1168]: <info>  [1505706573.0872] device (wlp2s0): state change: disconnected -> unmanaged (reason 'sleeping') [30 10 37]
Sep 18 02:24:27 neo kernel: [48538.875386] wsatspi[3870]: segfault at 8 ip 00007f656ab47a81 sp 00007ffc0f325890 error 4 in libatspi.so.0.0.1[7f656ab31000+2c000]
Sep 18 09:25:45 neo kernel: [    0.000000] Initializing cgroup subsys cpuset
Sep 18 09:25:45 neo kernel: [    0.000000] Initializing cgroup subsys cpu
Sep 18 09:25:45 neo kernel: [    0.000000] Initializing cgroup subsys cpuacct
Sep 18 09:25:45 neo kernel: [    0.000000] Linux version 4.4.0-72-generic (buildd@lcy01-17) (gcc version 5.4.0 20160609 (Ubuntu 5.4.0-6ubuntu1~16.04.4) ) #93-Ubuntu SMP Fri Mar 31 14:07:41 UTC 2017 (Ubuntu 4.4.0-72.93-generic 4.4.49)
Sep 18 09:25:45 neo kernel: [    0.000000] Command line: BOOT_IMAGE=/boot/vmlinuz-4.4.0-72-generic root=UUID=c9db22f9-8f52-4474-95f9-44b7164b923f ro quiet splash vt.handoff=7
Sep 18 09:25:45 neo kernel: [    0.000000] KERNEL supported cpus:
Sep 18 09:25:45 neo kernel: [    0.000000]   Intel GenuineIntel
Sep 18 09:25:45 neo kernel: [    0.000000]   AMD AuthenticAMD
Sep 18 09:25:45 neo kernel: [    0.000000]   Centaur CentaurHauls
Sep 18 09:25:45 neo kernel: [    0.000000] x86/fpu: xstate_offset[2]:  576, xstate_sizes[2]:  256
Sep 18 09:25:45 neo kernel: [    0.000000] x86/fpu: Supporting XSAVE feature 0x01: 'x87 floating point registers'
Sep 18 09:25:45 neo kernel: [    0.000000] x86/fpu: Supporting XSAVE feature 0x02: 'SSE registers'
Sep 18 09:25:45 neo kernel: [    0.000000] x86/fpu: Supporting XSAVE feature 0x04: 'AVX registers'
Sep 18 09:25:45 neo kernel: [    0.000000] x86/fpu: Enabled xstate features 0x7, context size is 832 bytes, using 'standard' format.
Sep 18 09:25:45 neo kernel: [    0.000000] x86/fpu: Using 'eager' FPU context switches.
Sep 18 09:25:45 neo kernel: [    0.000000] e820: BIOS-provided physical RAM map:
Sep 18 09:25:45 neo kernel: [    0.000000] BIOS-e820: [mem 0x0000000000000000-0x000000000009d3ff] usable
Sep 18 09:25:45 neo kernel: [    0.000000] BIOS-e820: [mem 0x000000000009d400-0x000000000009ffff] reserved
Sep 18 09:25:45 neo kernel: [    0.000000] BIOS-e820: [mem 0x00000000000e0000-0x00000000000fffff] reserved
Sep 18 09:25:45 neo kernel: [    0.000000] BIOS-e820: [mem 0x0000000000100000-0x00000000a56affff] usable
Sep 18 09:25:45 neo kernel: [    0.000000] BIOS-e820: [mem 0x00000000a56b0000-0x00000000a5eaffff] reserved
Sep 18 09:25:45 neo kernel: [    0.000000] BIOS-e820: [mem 0x00000000a5eb0000-0x00000000aaabefff] usable
Sep 18 09:25:45 neo kernel: [    0.000000] BIOS-e820: [mem 0x00000000aaabf000-0x00000000aaebefff] reserved
Sep 18 09:25:45 neo kernel: [    0.000000] BIOS-e820: [mem 0x00000000aaebf000-0x00000000aafbefff] ACPI NVS
Sep 18 09:25:45 neo kernel: [    0.000000] BIOS-e820: [mem 0x00000000aafbf000-0x00000000aaffefff] ACPI data
Sep 18 09:25:45 neo kernel: [    0.000000] BIOS-e820: [mem 0x00000000aafff000-0x00000000aaffffff] usable
Sep 18 09:25:45 neo kernel: [    0.000000] BIOS-e820: [mem 0x00000000ab000000-0x00000000af9fffff] reserved
Sep 18 09:25:45 neo kernel: [    0.000000] BIOS-e820: [mem 0x00000000e0000000-0x00000000efffffff] reserved
Sep 18 09:25:45 neo kernel: [    0.000000] BIOS-e820: [mem 0x00000000fe101000-0x00000000fe112fff] reserved
Sep 18 09:25:45 neo kernel: [    0.000000] BIOS-e820: [mem 0x00000000feb00000-0x00000000feb0ffff] reserved
Sep 18 09:25:45 neo kernel: [    0.000000] BIOS-e820: [mem 0x00000000fec00000-0x00000000fec00fff] reserved
Sep 18 09:25:45 neo kernel: [    0.000000] BIOS-e820: [mem 0x00000000fed00000-0x00000000fee00fff] reserved
Sep 18 09:25:45 neo kernel: [    0.000000] BIOS-e820: [mem 0x00000000ffc00000-0x00000000ffffffff] reserved
Sep 18 09:25:45 neo kernel: [    0.000000] BIOS-e820: [mem 0x0000000100000000-0x000000044f5fffff] usable
Sep 18 09:25:45 neo kernel: [    0.000000] NX (Execute Disable) protection: active
Sep 18 09:25:45 neo kernel: [    0.000000] SMBIOS 2.7 present.
Sep 18 09:25:45 neo kernel: [    0.000000] DMI: LENOVO 80E6/Lancer 4A5, BIOS 9BCN92WW 10/10/2015
Sep 18 09:25:45 neo kernel: [    0.000000] e820: update [mem 0x00000000-0x00000fff] usable ==> reserved
Sep 18 09:25:45 neo kernel: [    0.000000] e820: remove [mem 0x000a0000-0x000fffff] usable
Sep 18 09:25:45 neo kernel: [    0.000000] e820: last_pfn = 0x44f600 max_arch_pfn = 0x400000000
Sep 18 09:25:45 neo kernel: [    0.000000] MTRR default type: uncachable
Sep 18 09:25:45 neo kernel: [    0.000000] MTRR fixed ranges enabled:
Sep 18 09:25:45 neo kernel: [    0.000000]   00000-9FFFF write-back
Sep 18 09:25:45 neo kernel: [    0.000000]   A0000-BFFFF uncachable
Sep 18 09:25:45 neo kernel: [    0.000000]   C0000-E7FFF write-protect
Sep 18 09:25:45 neo kernel: [    0.000000]   E8000-EFFFF write-combining
Sep 18 09:25:45 neo kernel: [    0.000000]   F0000-FFFFF write-protect
Sep 18 09:25:45 neo kernel: [    0.000000] MTRR variable ranges enabled:
Sep 18 09:25:45 neo kernel: [    0.000000]   0 base 0000000000 mask 7800000000 write-back
Sep 18 09:25:45 neo kernel: [    0.000000]   1 base 00AB000000 mask 7FFF000000 uncachable
Sep 18 09:25:45 neo kernel: [    0.000000]   2 base 00AC000000 mask 7FFC000000 uncachable
Sep 18 09:25:45 neo kernel: [    0.000000]   3 base 00B0000000 mask 7FF0000000 uncachable
Sep 18 09:25:45 neo kernel: [    0.000000]   4 base 00C0000000 mask 7FC0000000 uncachable
Sep 18 09:25:45 neo kernel: [    0.000000]   5 disabled
Sep 18 09:25:45 neo kernel: [    0.000000]   6 disabled
Sep 18 09:25:45 neo kernel: [    0.000000]   7 disabled
Sep 18 09:25:45 neo kernel: [    0.000000]   8 disabled
Sep 18 09:25:45 neo kernel: [    0.000000]   9 disabled
Sep 18 09:25:45 neo kernel: [    0.000000] x86/PAT: Configuration [0-7]: WB  WC  UC- UC  WB  WC  UC- WT  
Sep 18 09:25:45 neo kernel: [    0.000000] original variable MTRRs
Sep 18 09:25:45 neo kernel: [    0.000000] reg 0, base: 0GB, range: 32GB, type WB
Sep 18 09:25:45 neo kernel: [    0.000000] reg 1, base: 2736MB, range: 16MB, type UC
Sep 18 09:25:45 neo kernel: [    0.000000] reg 2, base: 2752MB, range: 64MB, type UC
Sep 18 09:25:45 neo kernel: [    0.000000] reg 3, base: 2816MB, range: 256MB, type UC
Sep 18 09:25:45 neo kernel: [    0.000000] reg 4, base: 3GB, range: 1GB, type UC
Sep 18 09:25:45 neo kernel: [    0.000000] total RAM covered: 31408M
Sep 18 09:25:45 neo kernel: [    0.000000] Found optimal setting for mtrr clean up
Sep 18 09:25:45 neo kernel: [    0.000000]  gran_size: 64K 	chunk_size: 64K 	num_reg: 8  	lose cover RAM: 0G
Sep 18 09:25:45 neo kernel: [    0.000000] New variable MTRRs
Sep 18 09:25:45 neo kernel: [    0.000000] reg 0, base: 0GB, range: 2GB, type WB
Sep 18 09:25:45 neo kernel: [    0.000000] reg 1, base: 2GB, range: 512MB, type WB
Sep 18 09:25:45 neo kernel: [    0.000000] reg 2, base: 2560MB, range: 128MB, type WB
Sep 18 09:25:45 neo kernel: [    0.000000] reg 3, base: 2688MB, range: 32MB, type WB
Sep 18 09:25:45 neo kernel: [    0.000000] reg 4, base: 2720MB, range: 16MB, type WB
Sep 18 09:25:45 neo kernel: [    0.000000] reg 5, base: 4GB, range: 4GB, type WB
Sep 18 09:25:45 neo kernel: [    0.000000] reg 6, base: 8GB, range: 8GB, type WB
Sep 18 09:25:45 neo kernel: [    0.000000] reg 7, base: 16GB, range: 16GB, type WB
Sep 18 09:25:45 neo kernel: [    0.000000] e820: update [mem 0xab000000-0xffffffff] usable ==> reserved
Sep 18 09:25:45 neo kernel: [    0.000000] e820: last_pfn = 0xab000 max_arch_pfn = 0x400000000
Sep 18 09:25:45 neo kernel: [    0.000000] found SMP MP-table at [mem 0x000fe1b0-0x000fe1bf] mapped at [ffff8800000fe1b0]
Sep 18 09:25:45 neo kernel: [    0.000000] Scanning 1 areas for low memory corruption
Sep 18 09:25:45 neo kernel: [    0.000000] Base memory trampoline at [ffff880000097000] 97000 size 24576
Sep 18 09:25:45 neo kernel: [    0.000000] Using GB pages for direct mapping
Sep 18 09:25:45 neo kernel: [    0.000000] BRK [0x0220b000, 0x0220bfff] PGTABLE
Sep 18 09:25:45 neo kernel: [    0.000000] BRK [0x0220c000, 0x0220cfff] PGTABLE
Sep 18 09:25:45 neo kernel: [    0.000000] BRK [0x0220d000, 0x0220dfff] PGTABLE
Sep 18 09:25:45 neo kernel: [    0.000000] BRK [0x0220e000, 0x0220efff] PGTABLE
Sep 18 09:25:45 neo kernel: [    0.000000] BRK [0x0220f000, 0x0220ffff] PGTABLE
Sep 18 09:25:45 neo kernel: [    0.000000] BRK [0x02210000, 0x02210fff] PGTABLE
Sep 18 09:25:45 neo kernel: [    0.000000] RAMDISK: [mem 0x33278000-0x35933fff]
Sep 18 09:25:45 neo kernel: [    0.000000] ACPI: Early table checksum verification disabled
Sep 18 09:25:45 neo kernel: [    0.000000] ACPI: RSDP 0x00000000000FE020 000024 (v02 LENOVO)
Sep 18 09:25:45 neo kernel: [    0.000000] ACPI: XSDT 0x00000000AAFFE210 0000CC (v01 LENOVO CB-01    00000001      01000013)
Sep 18 09:25:45 neo kernel: [    0.000000] ACPI: FACP 0x00000000AAFF7000 00010C (v05 LENOVO CB-01    00000001 ACPI 00040000)
Sep 18 09:25:45 neo kernel: [    0.000000] ACPI: DSDT 0x00000000AAFE4000 00F4F3 (v02 LENOVO CB-01    00000001 ACPI 00040000)
Sep 18 09:25:45 neo kernel: [    0.000000] ACPI: FACS 0x00000000AAFBA000 000040
Sep 18 09:25:45 neo kernel: [    0.000000] ACPI: SLIC 0x00000000AAFFD000 000176 (v01 LENOVO CB-01    00000001 ACPI 00040000)
Sep 18 09:25:45 neo kernel: [    0.000000] ACPI: UEFI 0x00000000AAFFC000 000236 (v01 LENOVO CB-01    00000001 ACPI 00040000)
Sep 18 09:25:45 neo kernel: [    0.000000] ACPI: FPDT 0x00000000AAFFA000 000044 (v01 LENOVO CB-01    00000001 ACPI 00040000)
Sep 18 09:25:45 neo kernel: [    0.000000] ACPI: MSDM 0x00000000AAFF9000 000055 (v03 LENOVO CB-01    00000001 ACPI 00040000)
Sep 18 09:25:45 neo kernel: [    0.000000] ACPI: ASF! 0x00000000AAFF8000 0000A5 (v32 LENOVO CB-01    00000001 ACPI 00040000)
Sep 18 09:25:45 neo kernel: [    0.000000] ACPI: HPET 0x00000000AAFF6000 000038 (v01 LENOVO CB-01    00000001 ACPI 00040000)
Sep 18 09:25:45 neo kernel: [    0.000000] ACPI: APIC 0x00000000AAFF5000 00008C (v03 LENOVO CB-01    00000001 ACPI 00040000)
Sep 18 09:25:45 neo kernel: [    0.000000] ACPI: MCFG 0x00000000AAFF4000 00003C (v01 LENOVO CB-01    00000001 ACPI 00040000)
Sep 18 09:25:45 neo kernel: [    0.000000] ACPI: WDAT 0x00000000AAFE3000 000224 (v01 LENOVO CB-01    00000001 ACPI 00040000)
Sep 18 09:25:45 neo kernel: [    0.000000] ACPI: SSDT 0x00000000AAFE0000 002028 (v01 LENOVO CB-01    00000001 ACPI 00040000)
Sep 18 09:25:45 neo kernel: [    0.000000] ACPI: BOOT 0x00000000AAFDE000 000028 (v01 LENOVO CB-01    00000001 ACPI 00040000)
Sep 18 09:25:45 neo kernel: [    0.000000] ACPI: LPIT 0x00000000AAFDD000 000094 (v01 LENOVO CB-01    00000001 ACPI 00040000)
Sep 18 09:25:45 neo kernel: [    0.000000] ACPI: SSDT 0x00000000AAFDC000 000C0A (v01 LENOVO CB-01    00000001 ACPI 00040000)
Sep 18 09:25:45 neo kernel: [    0.000000] ACPI: SSDT 0x00000000AAFDB000 000696 (v01 LENOVO CB-01    00000001 ACPI 00040000)
Sep 18 09:25:45 neo kernel: [    0.000000] ACPI: ASPT 0x00000000AAFD9000 000034 (v07 LENOVO CB-01    00000001 ACPI 00040000)
Sep 18 09:25:45 neo kernel: [    0.000000] ACPI: DBGP 0x00000000AAFD8000 000034 (v01 LENOVO CB-01    00000001 ACPI 00040000)
Sep 18 09:25:45 neo kernel: [    0.000000] ACPI: SSDT 0x00000000AAFD0000 000539 (v01 LENOVO CB-01    00000001 ACPI 00040000)
Sep 18 09:25:45 neo kernel: [    0.000000] ACPI: SSDT 0x00000000AAFCF000 000AD8 (v01 LENOVO CB-01    00000001 ACPI 00040000)
Sep 18 09:25:45 neo kernel: [    0.000000] ACPI: SSDT 0x00000000AAFCB000 0034F8 (v01 LENOVO CB-01    00000001 ACPI 00040000)
Sep 18 09:25:45 neo kernel: [    0.000000] ACPI: SSDT 0x00000000AAFC6000 0034B3 (v01 LENOVO CB-01    00000001 ACPI 00040000)
Sep 18 09:25:45 neo kernel: [    0.000000] ACPI: Local APIC address 0xfee00000
Sep 18 09:25:45 neo kernel: [    0.000000] No NUMA configuration found
Sep 18 09:25:45 neo kernel: [    0.000000] Faking a node at [mem 0x0000000000000000-0x000000044f5fffff]
Sep 18 09:25:45 neo kernel: [    0.000000] NODE_DATA(0) allocated [mem 0x44f5f8000-0x44f5fcfff]
Sep 18 09:25:45 neo kernel: [    0.000000] Zone ranges:
Sep 18 09:25:45 neo kernel: [    0.000000]   DMA      [mem 0x0000000000001000-0x0000000000ffffff]
Sep 18 09:25:45 neo kernel: [    0.000000]   DMA32    [mem 0x0000000001000000-0x00000000ffffffff]
Sep 18 09:25:45 neo kernel: [    0.000000]   Normal   [mem 0x0000000100000000-0x000000044f5fffff]
Sep 18 09:25:45 neo kernel: [    0.000000]   Device   empty
Sep 18 09:25:45 neo kernel: [    0.000000] Movable zone start for each node
Sep 18 09:25:45 neo kernel: [    0.000000] Early memory node ranges
Sep 18 09:25:45 neo kernel: [    0.000000]   node   0: [mem 0x0000000000001000-0x000000000009cfff]
Sep 18 09:25:45 neo kernel: [    0.000000]   node   0: [mem 0x0000000000100000-0x00000000a56affff]
Sep 18 09:25:45 neo kernel: [    0.000000]   node   0: [mem 0x00000000a5eb0000-0x00000000aaabefff]
Sep 18 09:25:45 neo kernel: [    0.000000]   node   0: [mem 0x00000000aafff000-0x00000000aaffffff]
Sep 18 09:25:45 neo kernel: [    0.000000]   node   0: [mem 0x0000000100000000-0x000000044f5fffff]
Sep 18 09:25:45 neo kernel: [    0.000000] Initmem setup node 0 [mem 0x0000000000001000-0x000000044f5fffff]
Sep 18 09:25:45 neo kernel: [    0.000000] On node 0 totalpages: 4167772
Sep 18 09:25:45 neo kernel: [    0.000000]   DMA zone: 64 pages used for memmap
Sep 18 09:25:45 neo kernel: [    0.000000]   DMA zone: 21 pages reserved
Sep 18 09:25:45 neo kernel: [    0.000000]   DMA zone: 3996 pages, LIFO batch:0
Sep 18 09:25:45 neo kernel: [    0.000000]   DMA32 zone: 10827 pages used for memmap
Sep 18 09:25:45 neo kernel: [    0.000000]   DMA32 zone: 692928 pages, LIFO batch:31
Sep 18 09:25:45 neo kernel: [    0.000000]   Normal zone: 54232 pages used for memmap
Sep 18 09:25:45 neo kernel: [    0.000000]   Normal zone: 3470848 pages, LIFO batch:31
Sep 18 09:25:45 neo kernel: [    0.000000] Reserving Intel graphics stolen memory at 0xaba00000-0xaf9fffff
Sep 18 09:25:45 neo kernel: [    0.000000] ACPI: PM-Timer IO Port: 0x1808
Sep 18 09:25:45 neo kernel: [    0.000000] ACPI: Local APIC address 0xfee00000
Sep 18 09:25:45 neo kernel: [    0.000000] IOAPIC[0]: apic_id 2, version 32, address 0xfec00000, GSI 0-39
Sep 18 09:25:45 neo kernel: [    0.000000] ACPI: INT_SRC_OVR (bus 0 bus_irq 0 global_irq 2 dfl dfl)
Sep 18 09:25:45 neo kernel: [    0.000000] ACPI: INT_SRC_OVR (bus 0 bus_irq 9 global_irq 9 high level)
Sep 18 09:25:45 neo kernel: [    0.000000] ACPI: IRQ0 used by override.
Sep 18 09:25:45 neo kernel: [    0.000000] ACPI: IRQ9 used by override.
Sep 18 09:25:45 neo kernel: [    0.000000] Using ACPI (MADT) for SMP configuration information
Sep 18 09:25:45 neo kernel: [    0.000000] ACPI: HPET id: 0x8086a201 base: 0xfed00000
Sep 18 09:25:45 neo kernel: [    0.000000] smpboot: Allowing 8 CPUs, 4 hotplug CPUs
Sep 18 09:25:45 neo kernel: [    0.000000] PM: Registered nosave memory: [mem 0x00000000-0x00000fff]
Sep 18 09:25:45 neo kernel: [    0.000000] PM: Registered nosave memory: [mem 0x0009d000-0x0009dfff]
Sep 18 09:25:45 neo kernel: [    0.000000] PM: Registered nosave memory: [mem 0x0009e000-0x0009ffff]
Sep 18 09:25:45 neo kernel: [    0.000000] PM: Registered nosave memory: [mem 0x000a0000-0x000dffff]
Sep 18 09:25:45 neo kernel: [    0.000000] PM: Registered nosave memory: [mem 0x000e0000-0x000fffff]
Sep 18 09:25:45 neo kernel: [    0.000000] PM: Registered nosave memory: [mem 0xa56b0000-0xa5eaffff]
Sep 18 09:25:45 neo kernel: [    0.000000] PM: Registered nosave memory: [mem 0xaaabf000-0xaaebefff]
Sep 18 09:25:45 neo kernel: [    0.000000] PM: Registered nosave memory: [mem 0xaaebf000-0xaafbefff]
Sep 18 09:25:45 neo kernel: [    0.000000] PM: Registered nosave memory: [mem 0xaafbf000-0xaaffefff]
Sep 18 09:25:45 neo kernel: [    0.000000] PM: Registered nosave memory: [mem 0xab000000-0xaf9fffff]
Sep 18 09:25:45 neo kernel: [    0.000000] PM: Registered nosave memory: [mem 0xafa00000-0xdfffffff]
Sep 18 09:25:45 neo kernel: [    0.000000] PM: Registered nosave memory: [mem 0xe0000000-0xefffffff]
Sep 18 09:25:45 neo kernel: [    0.000000] PM: Registered nosave memory: [mem 0xf0000000-0xfe100fff]
Sep 18 09:25:45 neo kernel: [    0.000000] PM: Registered nosave memory: [mem 0xfe101000-0xfe112fff]
Sep 18 09:25:45 neo kernel: [    0.000000] PM: Registered nosave memory: [mem 0xfe113000-0xfeafffff]
Sep 18 09:25:45 neo kernel: [    0.000000] PM: Registered nosave memory: [mem 0xfeb00000-0xfeb0ffff]
Sep 18 09:25:45 neo kernel: [    0.000000] PM: Registered nosave memory: [mem 0xfeb10000-0xfebfffff]
Sep 18 09:25:45 neo kernel: [    0.000000] PM: Registered nosave memory: [mem 0xfec00000-0xfec00fff]
Sep 18 09:25:45 neo kernel: [    0.000000] PM: Registered nosave memory: [mem 0xfec01000-0xfecfffff]
Sep 18 09:25:45 neo kernel: [    0.000000] PM: Registered nosave memory: [mem 0xfed00000-0xfee00fff]
Sep 18 09:25:45 neo kernel: [    0.000000] PM: Registered nosave memory: [mem 0xfee01000-0xffbfffff]
Sep 18 09:25:45 neo kernel: [    0.000000] PM: Registered nosave memory: [mem 0xffc00000-0xffffffff]
Sep 18 09:25:45 neo kernel: [    0.000000] e820: [mem 0xafa00000-0xdfffffff] available for PCI devices
Sep 18 09:25:45 neo kernel: [    0.000000] Booting paravirtualized kernel on bare hardware
Sep 18 09:25:45 neo kernel: [    0.000000] clocksource: refined-jiffies: mask: 0xffffffff max_cycles: 0xffffffff, max_idle_ns: 7645519600211568 ns
Sep 18 09:25:45 neo kernel: [    0.000000] setup_percpu: NR_CPUS:512 nr_cpumask_bits:512 nr_cpu_ids:8 nr_node_ids:1
Sep 18 09:25:45 neo kernel: [    0.000000] PERCPU: Embedded 33 pages/cpu @ffff88044f200000 s98264 r8192 d28712 u262144
Sep 18 09:25:45 neo kernel: [    0.000000] pcpu-alloc: s98264 r8192 d28712 u262144 alloc=1*2097152
Sep 18 09:25:45 neo kernel: [    0.000000] pcpu-alloc: [0] 0 1 2 3 4 5 6 7 
Sep 18 09:25:45 neo kernel: [    0.000000] Built 1 zonelists in Node order, mobility grouping on.  Total pages: 4102628
Sep 18 09:25:45 neo kernel: [    0.000000] Policy zone: Normal
Sep 18 09:25:45 neo kernel: [    0.000000] Kernel command line: BOOT_IMAGE=/boot/vmlinuz-4.4.0-72-generic root=UUID=c9db22f9-8f52-4474-95f9-44b7164b923f ro quiet splash vt.handoff=7
Sep 18 09:25:45 neo kernel: [    0.000000] PID hash table entries: 4096 (order: 3, 32768 bytes)
Sep 18 09:25:45 neo kernel: [    0.000000] Calgary: detecting Calgary via BIOS EBDA area
Sep 18 09:25:45 neo kernel: [    0.000000] Calgary: Unable to locate Rio Grande table in EBDA - bailing!
Sep 18 09:25:45 neo kernel: [    0.000000] Memory: 16283304K/16671088K available (8452K kernel code, 1293K rwdata, 3976K rodata, 1484K init, 1316K bss, 387784K reserved, 0K cma-reserved)
Sep 18 09:25:45 neo kernel: [    0.000000] SLUB: HWalign=64, Order=0-3, MinObjects=0, CPUs=8, Nodes=1
Sep 18 09:25:45 neo kernel: [    0.000000] Hierarchical RCU implementation.
Sep 18 09:25:45 neo kernel: [    0.000000] 	Build-time adjustment of leaf fanout to 64.
Sep 18 09:25:45 neo kernel: [    0.000000] 	RCU restricting CPUs from NR_CPUS=512 to nr_cpu_ids=8.
Sep 18 09:25:45 neo kernel: [    0.000000] RCU: Adjusting geometry for rcu_fanout_leaf=64, nr_cpu_ids=8
Sep 18 09:25:45 neo kernel: [    0.000000] NR_IRQS:33024 nr_irqs:760 16
Sep 18 09:25:45 neo kernel: [    0.000000] vt handoff: transparent VT on vt#7
Sep 18 09:25:45 neo kernel: [    0.000000] Console: colour dummy device 80x25
Sep 18 09:25:45 neo kernel: [    0.000000] console [tty0] enabled
Sep 18 09:25:45 neo kernel: [    0.000000] clocksource: hpet: mask: 0xffffffff max_cycles: 0xffffffff, max_idle_ns: 133484882848 ns
Sep 18 09:25:45 neo kernel: [    0.000000] hpet clockevent registered
Sep 18 09:25:45 neo kernel: [    0.000000] tsc: Fast TSC calibration using PIT
Sep 18 09:25:45 neo kernel: [    0.000000] tsc: Detected 2394.411 MHz processor
Sep 18 09:25:45 neo kernel: [    0.000038] Calibrating delay loop (skipped), value calculated using timer frequency.. 4788.82 BogoMIPS (lpj=9577644)
Sep 18 09:25:45 neo kernel: [    0.000041] pid_max: default: 32768 minimum: 301
Sep 18 09:25:45 neo kernel: [    0.000048] ACPI: Core revision 20150930
Sep 18 09:25:45 neo kernel: [    0.021945] ACPI: 8 ACPI AML tables successfully acquired and loaded
Sep 18 09:25:45 neo kernel: [    0.021971] Security Framework initialized
Sep 18 09:25:45 neo kernel: [    0.021973] Yama: becoming mindful.
Sep 18 09:25:45 neo kernel: [    0.021991] AppArmor: AppArmor initialized
Sep 18 09:25:45 neo kernel: [    0.023268] Dentry cache hash table entries: 2097152 (order: 12, 16777216 bytes)
Sep 18 09:25:45 neo kernel: [    0.027280] Inode-cache hash table entries: 1048576 (order: 11, 8388608 bytes)
Sep 18 09:25:45 neo kernel: [    0.028999] Mount-cache hash table entries: 32768 (order: 6, 262144 bytes)
Sep 18 09:25:45 neo kernel: [    0.029022] Mountpoint-cache hash table entries: 32768 (order: 6, 262144 bytes)
Sep 18 09:25:45 neo kernel: [    0.029306] Initializing cgroup subsys io
Sep 18 09:25:45 neo kernel: [    0.029310] Initializing cgroup subsys memory
Sep 18 09:25:45 neo kernel: [    0.029318] Initializing cgroup subsys devices
Sep 18 09:25:45 neo kernel: [    0.029320] Initializing cgroup subsys freezer
Sep 18 09:25:45 neo kernel: [    0.029322] Initializing cgroup subsys net_cls
Sep 18 09:25:45 neo kernel: [    0.029325] Initializing cgroup subsys perf_event
Sep 18 09:25:45 neo kernel: [    0.029327] Initializing cgroup subsys net_prio
Sep 18 09:25:45 neo kernel: [    0.029331] Initializing cgroup subsys hugetlb
Sep 18 09:25:45 neo kernel: [    0.029333] Initializing cgroup subsys pids
Sep 18 09:25:45 neo kernel: [    0.029360] CPU: Physical Processor ID: 0
Sep 18 09:25:45 neo kernel: [    0.029361] CPU: Processor Core ID: 0
Sep 18 09:25:45 neo kernel: [    0.029366] ENERGY_PERF_BIAS: Set to 'normal', was 'performance'
Sep 18 09:25:45 neo kernel: [    0.029367] ENERGY_PERF_BIAS: View and update with x86_energy_perf_policy(8)
Sep 18 09:25:45 neo kernel: [    0.030551] mce: CPU supports 7 MCE banks
Sep 18 09:25:45 neo kernel: [    0.030567] CPU0: Thermal monitoring enabled (TM1)
Sep 18 09:25:45 neo kernel: [    0.030577] process: using mwait in idle threads
Sep 18 09:25:45 neo kernel: [    0.030581] Last level iTLB entries: 4KB 1024, 2MB 1024, 4MB 1024
Sep 18 09:25:45 neo kernel: [    0.030582] Last level dTLB entries: 4KB 1024, 2MB 1024, 4MB 1024, 1GB 4
Sep 18 09:25:45 neo kernel: [    0.031015] Freeing SMP alternatives memory: 32K (ffffffff820b8000 - ffffffff820c0000)
Sep 18 09:25:45 neo kernel: [    0.038717] ftrace: allocating 32111 entries in 126 pages
Sep 18 09:25:45 neo kernel: [    0.055704] smpboot: APIC(0) Converting physical 0 to logical package 0
Sep 18 09:25:45 neo kernel: [    0.055706] smpboot: Max logical packages: 4
Sep 18 09:25:45 neo kernel: [    0.056321] ..TIMER: vector=0x30 apic1=0 pin1=2 apic2=-1 pin2=-1
Sep 18 09:25:45 neo kernel: [    0.096009] TSC deadline timer enabled
Sep 18 09:25:45 neo kernel: [    0.096012] smpboot: CPU0: Intel(R) Core(TM) i7-4500U CPU @ 1.80GHz (family: 0x6, model: 0x45, stepping: 0x1)
Sep 18 09:25:45 neo kernel: [    0.096034] Performance Events: PEBS fmt2+, 16-deep LBR, Haswell events, full-width counters, Intel PMU driver.
Sep 18 09:25:45 neo kernel: [    0.096059] ... version:                3
Sep 18 09:25:45 neo kernel: [    0.096060] ... bit width:              48
Sep 18 09:25:45 neo kernel: [    0.096061] ... generic registers:      4
Sep 18 09:25:45 neo kernel: [    0.096063] ... value mask:             0000ffffffffffff
Sep 18 09:25:45 neo kernel: [    0.096064] ... max period:             00007fffffffffff
Sep 18 09:25:45 neo kernel: [    0.096065] ... fixed-purpose events:   3
Sep 18 09:25:45 neo kernel: [    0.096066] ... event mask:             000000070000000f
Sep 18 09:25:45 neo kernel: [    0.097105] x86: Booting SMP configuration:
Sep 18 09:25:45 neo kernel: [    0.097107] .... node  #0, CPUs:      #1
Sep 18 09:25:45 neo kernel: [    0.101125] NMI watchdog: enabled on all CPUs, permanently consumes one hw-PMU counter.
Sep 18 09:25:45 neo kernel: [    0.101212]  #2 #3
Sep 18 09:25:45 neo kernel: [    0.109025] x86: Booted up 1 node, 4 CPUs
Sep 18 09:25:45 neo kernel: [    0.109028] smpboot: Total of 4 processors activated (19155.28 BogoMIPS)
Sep 18 09:25:45 neo kernel: [    0.114759] devtmpfs: initialized
Sep 18 09:25:45 neo kernel: [    0.118719] evm: security.selinux
Sep 18 09:25:45 neo kernel: [    0.118721] evm: security.SMACK64
Sep 18 09:25:45 neo kernel: [    0.118722] evm: security.SMACK64EXEC
Sep 18 09:25:45 neo kernel: [    0.118723] evm: security.SMACK64TRANSMUTE
Sep 18 09:25:45 neo kernel: [    0.118724] evm: security.SMACK64MMAP
Sep 18 09:25:45 neo kernel: [    0.118725] evm: security.ima
Sep 18 09:25:45 neo kernel: [    0.118726] evm: security.capability
Sep 18 09:25:45 neo kernel: [    0.118801] PM: Registering ACPI NVS region [mem 0xaaebf000-0xaafbefff] (1048576 bytes)
Sep 18 09:25:45 neo kernel: [    0.118912] clocksource: jiffies: mask: 0xffffffff max_cycles: 0xffffffff, max_idle_ns: 7645041785100000 ns
Sep 18 09:25:45 neo kernel: [    0.119014] pinctrl core: initialized pinctrl subsystem
Sep 18 09:25:45 neo kernel: [    0.119142] RTC time: 12:25:20, date: 09/18/17
Sep 18 09:25:45 neo kernel: [    0.120688] NET: Registered protocol family 16
Sep 18 09:25:45 neo kernel: [    0.138599] cpuidle: using governor ladder
Sep 18 09:25:45 neo kernel: [    0.154602] cpuidle: using governor menu
Sep 18 09:25:45 neo kernel: [    0.154605] PCCT header not found.
Sep 18 09:25:45 neo kernel: [    0.154653] Simple Boot Flag at 0x44 set to 0x1
Sep 18 09:25:45 neo kernel: [    0.154696] ACPI FADT declares the system doesn't support PCIe ASPM, so disable it
Sep 18 09:25:45 neo kernel: [    0.154697] ACPI: bus type PCI registered
Sep 18 09:25:45 neo kernel: [    0.154699] acpiphp: ACPI Hot Plug PCI Controller Driver version: 0.5
Sep 18 09:25:45 neo kernel: [    0.154788] PCI: MMCONFIG for domain 0000 [bus 00-ff] at [mem 0xe0000000-0xefffffff] (base 0xe0000000)
Sep 18 09:25:45 neo kernel: [    0.154791] PCI: MMCONFIG at [mem 0xe0000000-0xefffffff] reserved in E820
Sep 18 09:25:45 neo kernel: [    0.154804] PCI: Using configuration type 1 for base access
Sep 18 09:25:45 neo kernel: [    0.154847] core: PMU erratum BJ122, BV98, HSD29 worked around, HT is on
Sep 18 09:25:45 neo kernel: [    0.171046] ACPI: Added _OSI(Module Device)
Sep 18 09:25:45 neo kernel: [    0.171048] ACPI: Added _OSI(Processor Device)
Sep 18 09:25:45 neo kernel: [    0.171050] ACPI: Added _OSI(3.0 _SCP Extensions)
Sep 18 09:25:45 neo kernel: [    0.171052] ACPI: Added _OSI(Processor Aggregator Device)
Sep 18 09:25:45 neo kernel: [    0.176989] ACPI: Executed 2 blocks of module-level executable AML code
Sep 18 09:25:45 neo kernel: [    0.181309] [Firmware Bug]: ACPI: BIOS _OSI(Linux) query ignored
Sep 18 09:25:45 neo kernel: [    0.183066] ACPI: Dynamic OEM Table Load:
Sep 18 09:25:45 neo kernel: [    0.183077] ACPI: SSDT 0xFFFF88043CA4A400 0003D3 (v01 PmRef  Cpu0Cst  00003001 INTL 20121220)
Sep 18 09:25:45 neo kernel: [    0.184096] ACPI: Dynamic OEM Table Load:
Sep 18 09:25:45 neo kernel: [    0.184106] ACPI: SSDT 0xFFFF88043CA33000 0005AA (v01 PmRef  ApIst    00003000 INTL 20121220)
Sep 18 09:25:45 neo kernel: [    0.185178] ACPI: Dynamic OEM Table Load:
Sep 18 09:25:45 neo kernel: [    0.185186] ACPI: SSDT 0xFFFF88043CAB0800 000119 (v01 PmRef  ApCst    00003000 INTL 20121220)
Sep 18 09:25:45 neo kernel: [    0.186915] ACPI : EC: EC started
Sep 18 09:25:45 neo kernel: [    0.188081] ACPI: Interpreter enabled
Sep 18 09:25:45 neo kernel: [    0.188120] ACPI: (supports S0 S3 S4 S5)
Sep 18 09:25:45 neo kernel: [    0.188121] ACPI: Using IOAPIC for interrupt routing
Sep 18 09:25:45 neo kernel: [    0.188154] PCI: Using host bridge windows from ACPI; if necessary, use "pci=nocrs" and report a bug
Sep 18 09:25:45 neo kernel: [    0.242788] ACPI: Power Resource [NVP3] (on)
Sep 18 09:25:45 neo kernel: [    0.242823] ACPI: Power Resource [NVP2] (on)
Sep 18 09:25:45 neo kernel: [    0.243176] ACPI: PCI Root Bridge [PCI0] (domain 0000 [bus 00-fe])
Sep 18 09:25:45 neo kernel: [    0.243183] acpi PNP0A08:00: _OSC: OS supports [ExtendedConfig ASPM ClockPM Segments MSI]
Sep 18 09:25:45 neo kernel: [    0.243635] acpi PNP0A08:00: _OSC: OS now controls [PCIeHotplug PME AER PCIeCapability]
Sep 18 09:25:45 neo kernel: [    0.243637] acpi PNP0A08:00: FADT indicates ASPM is unsupported, using BIOS configuration
Sep 18 09:25:45 neo kernel: [    0.244361] PCI host bridge to bus 0000:00
Sep 18 09:25:45 neo kernel: [    0.244365] pci_bus 0000:00: root bus resource [io  0x0000-0x0cf7 window]
Sep 18 09:25:45 neo kernel: [    0.244367] pci_bus 0000:00: root bus resource [io  0x0d00-0xffff window]
Sep 18 09:25:45 neo kernel: [    0.244369] pci_bus 0000:00: root bus resource [mem 0x000a0000-0x000bffff window]
Sep 18 09:25:45 neo kernel: [    0.244371] pci_bus 0000:00: root bus resource [mem 0xafa00000-0xfeafffff window]
Sep 18 09:25:45 neo kernel: [    0.244373] pci_bus 0000:00: root bus resource [bus 00-fe]
Sep 18 09:25:45 neo kernel: [    0.244383] pci 0000:00:00.0: [8086:0a04] type 00 class 0x060000
Sep 18 09:25:45 neo kernel: [    0.244602] pci 0000:00:02.0: [8086:0a16] type 00 class 0x030000
Sep 18 09:25:45 neo kernel: [    0.244620] pci 0000:00:02.0: reg 0x10: [mem 0xc3000000-0xc33fffff 64bit]
Sep 18 09:25:45 neo kernel: [    0.244628] pci 0000:00:02.0: reg 0x18: [mem 0xd0000000-0xdfffffff 64bit pref]
Sep 18 09:25:45 neo kernel: [    0.244634] pci 0000:00:02.0: reg 0x20: [io  0x5000-0x503f]
Sep 18 09:25:45 neo kernel: [    0.244857] pci 0000:00:03.0: [8086:0a0c] type 00 class 0x040300
Sep 18 09:25:45 neo kernel: [    0.244872] pci 0000:00:03.0: reg 0x10: [mem 0xc3610000-0xc3613fff 64bit]
Sep 18 09:25:45 neo kernel: [    0.245101] pci 0000:00:14.0: [8086:9c31] type 00 class 0x0c0330
Sep 18 09:25:45 neo kernel: [    0.245127] pci 0000:00:14.0: reg 0x10: [mem 0xc3600000-0xc360ffff 64bit]
Sep 18 09:25:45 neo kernel: [    0.245181] pci 0000:00:14.0: PME# supported from D3hot D3cold
Sep 18 09:25:45 neo kernel: [    0.245331] pci 0000:00:14.0: System wakeup disabled by ACPI
Sep 18 09:25:45 neo kernel: [    0.245377] pci 0000:00:16.0: [8086:9c3a] type 00 class 0x078000
Sep 18 09:25:45 neo kernel: [    0.245407] pci 0000:00:16.0: reg 0x10: [mem 0xc3618000-0xc361801f 64bit]
Sep 18 09:25:45 neo kernel: [    0.245470] pci 0000:00:16.0: PME# supported from D0 D3hot D3cold
Sep 18 09:25:45 neo kernel: [    0.245667] pci 0000:00:1b.0: [8086:9c20] type 00 class 0x040300
Sep 18 09:25:45 neo kernel: [    0.245693] pci 0000:00:1b.0: reg 0x10: [mem 0xc3614000-0xc3617fff 64bit]
Sep 18 09:25:45 neo kernel: [    0.245754] pci 0000:00:1b.0: PME# supported from D0 D3hot D3cold
Sep 18 09:25:45 neo kernel: [    0.245904] pci 0000:00:1b.0: System wakeup disabled by ACPI
Sep 18 09:25:45 neo kernel: [    0.245946] pci 0000:00:1c.0: [8086:9c14] type 01 class 0x060400
Sep 18 09:25:45 neo kernel: [    0.246014] pci 0000:00:1c.0: PME# supported from D0 D3hot D3cold
Sep 18 09:25:45 neo kernel: [    0.246208] pci 0000:00:1c.0: System wakeup disabled by ACPI
Sep 18 09:25:45 neo kernel: [    0.246252] pci 0000:00:1c.3: [8086:9c16] type 01 class 0x060400
Sep 18 09:25:45 neo kernel: [    0.246319] pci 0000:00:1c.3: PME# supported from D0 D3hot D3cold
Sep 18 09:25:45 neo kernel: [    0.246510] pci 0000:00:1c.3: System wakeup disabled by ACPI
Sep 18 09:25:45 neo kernel: [    0.246553] pci 0000:00:1c.4: [8086:9c18] type 01 class 0x060400
Sep 18 09:25:45 neo kernel: [    0.246620] pci 0000:00:1c.4: PME# supported from D0 D3hot D3cold
Sep 18 09:25:45 neo kernel: [    0.246795] pci 0000:00:1c.4: System wakeup disabled by ACPI
Sep 18 09:25:45 neo kernel: [    0.246844] pci 0000:00:1d.0: [8086:9c26] type 00 class 0x0c0320
Sep 18 09:25:45 neo kernel: [    0.246874] pci 0000:00:1d.0: reg 0x10: [mem 0xc361c000-0xc361c3ff]
Sep 18 09:25:45 neo kernel: [    0.246952] pci 0000:00:1d.0: PME# supported from D0 D3hot D3cold
Sep 18 09:25:45 neo kernel: [    0.247116] pci 0000:00:1d.0: System wakeup disabled by ACPI
Sep 18 09:25:45 neo kernel: [    0.247161] pci 0000:00:1f.0: [8086:9c43] type 00 class 0x060100
Sep 18 09:25:45 neo kernel: [    0.247454] pci 0000:00:1f.2: [8086:9c03] type 00 class 0x010601
Sep 18 09:25:45 neo kernel: [    0.247476] pci 0000:00:1f.2: reg 0x10: [io  0x5088-0x508f]
Sep 18 09:25:45 neo kernel: [    0.247484] pci 0000:00:1f.2: reg 0x14: [io  0x5094-0x5097]
Sep 18 09:25:45 neo kernel: [    0.247491] pci 0000:00:1f.2: reg 0x18: [io  0x5080-0x5087]
Sep 18 09:25:45 neo kernel: [    0.247499] pci 0000:00:1f.2: reg 0x1c: [io  0x5090-0x5093]
Sep 18 09:25:45 neo kernel: [    0.247506] pci 0000:00:1f.2: reg 0x20: [io  0x5060-0x507f]
Sep 18 09:25:45 neo kernel: [    0.247514] pci 0000:00:1f.2: reg 0x24: [mem 0xc361b000-0xc361b7ff]
Sep 18 09:25:45 neo kernel: [    0.247543] pci 0000:00:1f.2: PME# supported from D3hot
Sep 18 09:25:45 neo kernel: [    0.247729] pci 0000:00:1f.3: [8086:9c22] type 00 class 0x0c0500
Sep 18 09:25:45 neo kernel: [    0.247745] pci 0000:00:1f.3: reg 0x10: [mem 0xc3619000-0xc36190ff 64bit]
Sep 18 09:25:45 neo kernel: [    0.247766] pci 0000:00:1f.3: reg 0x20: [io  0x5040-0x505f]
Sep 18 09:25:45 neo kernel: [    0.248026] pci 0000:01:00.0: [10ec:8168] type 00 class 0x020000
Sep 18 09:25:45 neo kernel: [    0.248068] pci 0000:01:00.0: reg 0x10: [io  0x4000-0x40ff]
Sep 18 09:25:45 neo kernel: [    0.248097] pci 0000:01:00.0: reg 0x18: [mem 0xc3504000-0xc3504fff 64bit]
Sep 18 09:25:45 neo kernel: [    0.248116] pci 0000:01:00.0: reg 0x20: [mem 0xc3500000-0xc3503fff 64bit]
Sep 18 09:25:45 neo kernel: [    0.248192] pci 0000:01:00.0: supports D1 D2
Sep 18 09:25:45 neo kernel: [    0.248194] pci 0000:01:00.0: PME# supported from D0 D1 D2 D3hot D3cold
Sep 18 09:25:45 neo kernel: [    0.248238] pci 0000:01:00.0: System wakeup disabled by ACPI
Sep 18 09:25:45 neo kernel: [    0.254692] pci 0000:00:1c.0: PCI bridge to [bus 01]
Sep 18 09:25:45 neo kernel: [    0.254696] pci 0000:00:1c.0:   bridge window [io  0x4000-0x4fff]
Sep 18 09:25:45 neo kernel: [    0.254699] pci 0000:00:1c.0:   bridge window [mem 0xc3500000-0xc35fffff]
Sep 18 09:25:45 neo kernel: [    0.254783] pci 0000:02:00.0: [168c:0036] type 00 class 0x028000
Sep 18 09:25:45 neo kernel: [    0.254845] pci 0000:02:00.0: reg 0x10: [mem 0xc3400000-0xc347ffff 64bit]
Sep 18 09:25:45 neo kernel: [    0.254924] pci 0000:02:00.0: reg 0x30: [mem 0xffff0000-0xffffffff pref]
Sep 18 09:25:45 neo kernel: [    0.255010] pci 0000:02:00.0: supports D1 D2
Sep 18 09:25:45 neo kernel: [    0.255012] pci 0000:02:00.0: PME# supported from D0 D1 D2 D3hot D3cold
Sep 18 09:25:45 neo kernel: [    0.255067] pci 0000:02:00.0: System wakeup disabled by ACPI
Sep 18 09:25:45 neo kernel: [    0.262697] pci 0000:00:1c.3: PCI bridge to [bus 02]
Sep 18 09:25:45 neo kernel: [    0.262702] pci 0000:00:1c.3:   bridge window [mem 0xc3400000-0xc34fffff]
Sep 18 09:25:45 neo kernel: [    0.262772] pci 0000:03:00.0: [10de:1341] type 00 class 0x030200
Sep 18 09:25:45 neo kernel: [    0.262801] pci 0000:03:00.0: reg 0x10: [mem 0xc2000000-0xc2ffffff]
Sep 18 09:25:45 neo kernel: [    0.262816] pci 0000:03:00.0: reg 0x14: [mem 0xb0000000-0xbfffffff 64bit pref]
Sep 18 09:25:45 neo kernel: [    0.262831] pci 0000:03:00.0: reg 0x1c: [mem 0xc0000000-0xc1ffffff 64bit pref]
Sep 18 09:25:45 neo kernel: [    0.262842] pci 0000:03:00.0: reg 0x24: [io  0x3000-0x307f]
Sep 18 09:25:45 neo kernel: [    0.262852] pci 0000:03:00.0: reg 0x30: [mem 0xfff80000-0xffffffff pref]
Sep 18 09:25:45 neo kernel: [    0.262961] pci 0000:03:00.0: System wakeup disabled by ACPI
Sep 18 09:25:45 neo kernel: [    0.270695] pci 0000:00:1c.4: PCI bridge to [bus 03]
Sep 18 09:25:45 neo kernel: [    0.270699] pci 0000:00:1c.4:   bridge window [io  0x3000-0x3fff]
Sep 18 09:25:45 neo kernel: [    0.270703] pci 0000:00:1c.4:   bridge window [mem 0xc2000000-0xc2ffffff]
Sep 18 09:25:45 neo kernel: [    0.270708] pci 0000:00:1c.4:   bridge window [mem 0xb0000000-0xc1ffffff 64bit pref]
Sep 18 09:25:45 neo kernel: [    0.272173] ACPI: PCI Interrupt Link [LNKA] (IRQs 3 4 5 6 10 11 12 14 15) *7
Sep 18 09:25:45 neo kernel: [    0.272229] ACPI: PCI Interrupt Link [LNKB] (IRQs 3 4 5 6 10 11 12 14 15) *0, disabled.
Sep 18 09:25:45 neo kernel: [    0.272282] ACPI: PCI Interrupt Link [LNKC] (IRQs 3 4 5 6 10 *11 12 14 15)
Sep 18 09:25:45 neo kernel: [    0.272333] ACPI: PCI Interrupt Link [LNKD] (IRQs 3 4 5 6 *10 11 12 14 15)
Sep 18 09:25:45 neo kernel: [    0.272384] ACPI: PCI Interrupt Link [LNKE] (IRQs 3 4 5 6 10 11 12 14 15) *0, disabled.
Sep 18 09:25:45 neo kernel: [    0.272435] ACPI: PCI Interrupt Link [LNKF] (IRQs 3 4 5 6 10 11 12 14 15) *0, disabled.
Sep 18 09:25:45 neo kernel: [    0.272487] ACPI: PCI Interrupt Link [LNKG] (IRQs 3 4 5 6 *10 11 12 14 15)
Sep 18 09:25:45 neo kernel: [    0.272539] ACPI: PCI Interrupt Link [LNKH] (IRQs 3 4 5 6 10 *11 12 14 15)
Sep 18 09:25:45 neo kernel: [    0.272881] ACPI: Enabled 4 GPEs in block 00 to 7F
Sep 18 09:25:45 neo kernel: [    0.272945] ACPI : EC: GPE = 0x7, I/O: command/status = 0x66, data = 0x62
Sep 18 09:25:45 neo kernel: [    0.273079] vgaarb: setting as boot device: PCI:0000:00:02.0
Sep 18 09:25:45 neo kernel: [    0.273082] vgaarb: device added: PCI:0000:00:02.0,decodes=io+mem,owns=io+mem,locks=none
Sep 18 09:25:45 neo kernel: [    0.273085] vgaarb: loaded
Sep 18 09:25:45 neo kernel: [    0.273086] vgaarb: bridge control possible 0000:00:02.0
Sep 18 09:25:45 neo kernel: [    0.273345] SCSI subsystem initialized
Sep 18 09:25:45 neo kernel: [    0.273389] libata version 3.00 loaded.
Sep 18 09:25:45 neo kernel: [    0.273416] ACPI: bus type USB registered
Sep 18 09:25:45 neo kernel: [    0.273435] usbcore: registered new interface driver usbfs
Sep 18 09:25:45 neo kernel: [    0.273446] usbcore: registered new interface driver hub
Sep 18 09:25:45 neo kernel: [    0.273466] usbcore: registered new device driver usb
Sep 18 09:25:45 neo kernel: [    0.273627] PCI: Using ACPI for IRQ routing
Sep 18 09:25:45 neo kernel: [    0.279639] PCI: pci_cache_line_size set to 64 bytes
Sep 18 09:25:45 neo kernel: [    0.279687] e820: reserve RAM buffer [mem 0x0009d400-0x0009ffff]
Sep 18 09:25:45 neo kernel: [    0.279689] e820: reserve RAM buffer [mem 0xa56b0000-0xa7ffffff]
Sep 18 09:25:45 neo kernel: [    0.279690] e820: reserve RAM buffer [mem 0xaaabf000-0xabffffff]
Sep 18 09:25:45 neo kernel: [    0.279692] e820: reserve RAM buffer [mem 0xab000000-0xabffffff]
Sep 18 09:25:45 neo kernel: [    0.279693] e820: reserve RAM buffer [mem 0x44f600000-0x44fffffff]
Sep 18 09:25:45 neo kernel: [    0.279829] NetLabel: Initializing
Sep 18 09:25:45 neo kernel: [    0.279830] NetLabel:  domain hash size = 128
Sep 18 09:25:45 neo kernel: [    0.279831] NetLabel:  protocols = UNLABELED CIPSOv4
Sep 18 09:25:45 neo kernel: [    0.279844] NetLabel:  unlabeled traffic allowed by default
Sep 18 09:25:45 neo kernel: [    0.279929] hpet0: at MMIO 0xfed00000, IRQs 2, 8, 0, 0, 0, 0, 0, 0
Sep 18 09:25:45 neo kernel: [    0.279935] hpet0: 8 comparators, 64-bit 14.318180 MHz counter
Sep 18 09:25:45 neo kernel: [    0.281946] amd_nb: Cannot enumerate AMD northbridges
Sep 18 09:25:45 neo kernel: [    0.281963] clocksource: Switched to clocksource hpet
Sep 18 09:25:45 neo kernel: [    0.288973] AppArmor: AppArmor Filesystem Enabled
Sep 18 09:25:45 neo kernel: [    0.289049] pnp: PnP ACPI init
Sep 18 09:25:45 neo kernel: [    0.289658] system 00:00: [io  0x0680-0x069f] has been reserved
Sep 18 09:25:45 neo kernel: [    0.289662] system 00:00: [io  0xffff] has been reserved
Sep 18 09:25:45 neo kernel: [    0.289664] system 00:00: [io  0xffff] has been reserved
Sep 18 09:25:45 neo kernel: [    0.289666] system 00:00: [io  0xffff] has been reserved
Sep 18 09:25:45 neo kernel: [    0.289668] system 00:00: [io  0x1800-0x18fe] could not be reserved
Sep 18 09:25:45 neo kernel: [    0.289670] system 00:00: [io  0x164e-0x164f] has been reserved
Sep 18 09:25:45 neo kernel: [    0.289675] system 00:00: Plug and Play ACPI device, IDs PNP0c02 (active)
Sep 18 09:25:45 neo kernel: [    0.289723] pnp 00:01: Plug and Play ACPI device, IDs PNP0b00 (active)
Sep 18 09:25:45 neo kernel: [    0.289778] system 00:02: [io  0x1854-0x1857] has been reserved
Sep 18 09:25:45 neo kernel: [    0.289781] system 00:02: Plug and Play ACPI device, IDs INT3f0d PNP0c02 (active)
Sep 18 09:25:45 neo kernel: [    0.289835] pnp 00:03: Plug and Play ACPI device, IDs PNP0303 (active)
Sep 18 09:25:45 neo kernel: [    0.289866] pnp 00:04: Plug and Play ACPI device, IDs SYN2b36 PNP0f13 SYN0002 SYN2b00 (active)
Sep 18 09:25:45 neo kernel: [    0.290043] system 00:05: [mem 0xfed1c000-0xfed1ffff] has been reserved
Sep 18 09:25:45 neo kernel: [    0.290046] system 00:05: [mem 0xfed10000-0xfed17fff] has been reserved
Sep 18 09:25:45 neo kernel: [    0.290048] system 00:05: [mem 0xfed18000-0xfed18fff] has been reserved
Sep 18 09:25:45 neo kernel: [    0.290050] system 00:05: [mem 0xfed19000-0xfed19fff] has been reserved
Sep 18 09:25:45 neo kernel: [    0.290052] system 00:05: [mem 0xe0000000-0xefffffff] has been reserved
Sep 18 09:25:45 neo kernel: [    0.290054] system 00:05: [mem 0xfed20000-0xfed3ffff] has been reserved
Sep 18 09:25:45 neo kernel: [    0.290056] system 00:05: [mem 0xfed90000-0xfed93fff] has been reserved
Sep 18 09:25:45 neo kernel: [    0.290059] system 00:05: [mem 0xff000000-0xffffffff] could not be reserved
Sep 18 09:25:45 neo kernel: [    0.290061] system 00:05: [mem 0xfee00000-0xfeefffff] could not be reserved
Sep 18 09:25:45 neo kernel: [    0.290063] system 00:05: [mem 0xafa20000-0xafa20fff] has been reserved
Sep 18 09:25:45 neo kernel: [    0.290065] system 00:05: [mem 0xafa10000-0xafa1ffff] has been reserved
Sep 18 09:25:45 neo kernel: [    0.290068] system 00:05: Plug and Play ACPI device, IDs PNP0c02 (active)
Sep 18 09:25:45 neo kernel: [    0.290373] system 00:06: Plug and Play ACPI device, IDs PNP0c02 (active)
Sep 18 09:25:45 neo kernel: [    0.290936] pnp: PnP ACPI: found 7 devices
Sep 18 09:25:45 neo kernel: [    0.297320] clocksource: acpi_pm: mask: 0xffffff max_cycles: 0xffffff, max_idle_ns: 2085701024 ns
Sep 18 09:25:45 neo kernel: [    0.297330] pci 0000:02:00.0: can't claim BAR 6 [mem 0xffff0000-0xffffffff pref]: no compatible bridge window
Sep 18 09:25:45 neo kernel: [    0.297333] pci 0000:03:00.0: can't claim BAR 6 [mem 0xfff80000-0xffffffff pref]: no compatible bridge window
Sep 18 09:25:45 neo kernel: [    0.297359] pci 0000:00:1c.0: PCI bridge to [bus 01]
Sep 18 09:25:45 neo kernel: [    0.297362] pci 0000:00:1c.0:   bridge window [io  0x4000-0x4fff]
Sep 18 09:25:45 neo kernel: [    0.297367] pci 0000:00:1c.0:   bridge window [mem 0xc3500000-0xc35fffff]
Sep 18 09:25:45 neo kernel: [    0.297378] pci 0000:02:00.0: BAR 6: assigned [mem 0xc3480000-0xc348ffff pref]
Sep 18 09:25:45 neo kernel: [    0.297380] pci 0000:00:1c.3: PCI bridge to [bus 02]
Sep 18 09:25:45 neo kernel: [    0.297385] pci 0000:00:1c.3:   bridge window [mem 0xc3400000-0xc34fffff]
Sep 18 09:25:45 neo kernel: [    0.297394] pci 0000:03:00.0: BAR 6: no space for [mem size 0x00080000 pref]
Sep 18 09:25:45 neo kernel: [    0.297396] pci 0000:03:00.0: BAR 6: failed to assign [mem size 0x00080000 pref]
Sep 18 09:25:45 neo kernel: [    0.297398] pci 0000:00:1c.4: PCI bridge to [bus 03]
Sep 18 09:25:45 neo kernel: [    0.297400] pci 0000:00:1c.4:   bridge window [io  0x3000-0x3fff]
Sep 18 09:25:45 neo kernel: [    0.297405] pci 0000:00:1c.4:   bridge window [mem 0xc2000000-0xc2ffffff]
Sep 18 09:25:45 neo kernel: [    0.297409] pci 0000:00:1c.4:   bridge window [mem 0xb0000000-0xc1ffffff 64bit pref]
Sep 18 09:25:45 neo kernel: [    0.297416] pci_bus 0000:00: resource 4 [io  0x0000-0x0cf7 window]
Sep 18 09:25:45 neo kernel: [    0.297418] pci_bus 0000:00: resource 5 [io  0x0d00-0xffff window]
Sep 18 09:25:45 neo kernel: [    0.297420] pci_bus 0000:00: resource 6 [mem 0x000a0000-0x000bffff window]
Sep 18 09:25:45 neo kernel: [    0.297422] pci_bus 0000:00: resource 7 [mem 0xafa00000-0xfeafffff window]
Sep 18 09:25:45 neo kernel: [    0.297424] pci_bus 0000:01: resource 0 [io  0x4000-0x4fff]
Sep 18 09:25:45 neo kernel: [    0.297426] pci_bus 0000:01: resource 1 [mem 0xc3500000-0xc35fffff]
Sep 18 09:25:45 neo kernel: [    0.297428] pci_bus 0000:02: resource 1 [mem 0xc3400000-0xc34fffff]
Sep 18 09:25:45 neo kernel: [    0.297430] pci_bus 0000:03: resource 0 [io  0x3000-0x3fff]
Sep 18 09:25:45 neo kernel: [    0.297432] pci_bus 0000:03: resource 1 [mem 0xc2000000-0xc2ffffff]
Sep 18 09:25:45 neo kernel: [    0.297434] pci_bus 0000:03: resource 2 [mem 0xb0000000-0xc1ffffff 64bit pref]
Sep 18 09:25:45 neo kernel: [    0.297473] NET: Registered protocol family 2
Sep 18 09:25:45 neo kernel: [    0.297688] TCP established hash table entries: 131072 (order: 8, 1048576 bytes)
Sep 18 09:25:45 neo kernel: [    0.297924] TCP bind hash table entries: 65536 (order: 8, 1048576 bytes)
Sep 18 09:25:45 neo kernel: [    0.298060] TCP: Hash tables configured (established 131072 bind 65536)
Sep 18 09:25:45 neo kernel: [    0.298094] UDP hash table entries: 8192 (order: 6, 262144 bytes)
Sep 18 09:25:45 neo kernel: [    0.298148] UDP-Lite hash table entries: 8192 (order: 6, 262144 bytes)
Sep 18 09:25:45 neo kernel: [    0.298239] NET: Registered protocol family 1
Sep 18 09:25:45 neo kernel: [    0.298260] pci 0000:00:02.0: Video device with shadowed ROM
Sep 18 09:25:45 neo kernel: [    0.314100] PCI: CLS 64 bytes, default 64
Sep 18 09:25:45 neo kernel: [    0.314162] Unpacking initramfs...
Sep 18 09:25:45 neo kernel: [    1.121446] Freeing initrd memory: 39664K (ffff880033278000 - ffff880035934000)
Sep 18 09:25:45 neo kernel: [    1.121489] PCI-DMA: Using software bounce buffering for IO (SWIOTLB)
Sep 18 09:25:45 neo kernel: [    1.121492] software IO TLB [mem 0xa6abf000-0xaaabf000] (64MB) mapped at [ffff8800a6abf000-ffff8800aaabefff]
Sep 18 09:25:45 neo kernel: [    1.121584] RAPL PMU detected, API unit is 2^-32 Joules, 4 fixed counters 655360 ms ovfl timer
Sep 18 09:25:45 neo kernel: [    1.121585] hw unit of domain pp0-core 2^-14 Joules
Sep 18 09:25:45 neo kernel: [    1.121586] hw unit of domain package 2^-14 Joules
Sep 18 09:25:45 neo kernel: [    1.121588] hw unit of domain dram 2^-14 Joules
Sep 18 09:25:45 neo kernel: [    1.121589] hw unit of domain pp1-gpu 2^-14 Joules
Sep 18 09:25:45 neo kernel: [    1.121759] Scanning for low memory corruption every 60 seconds
Sep 18 09:25:45 neo kernel: [    1.122210] futex hash table entries: 2048 (order: 5, 131072 bytes)
Sep 18 09:25:45 neo kernel: [    1.122255] audit: initializing netlink subsys (disabled)
Sep 18 09:25:45 neo kernel: [    1.122272] audit: type=2000 audit(1505737521.108:1): initialized
Sep 18 09:25:45 neo kernel: [    1.122827] Initialise system trusted keyring
Sep 18 09:25:45 neo kernel: [    1.122960] HugeTLB registered 1 GB page size, pre-allocated 0 pages
Sep 18 09:25:45 neo kernel: [    1.122962] HugeTLB registered 2 MB page size, pre-allocated 0 pages
Sep 18 09:25:45 neo kernel: [    1.124770] zbud: loaded
Sep 18 09:25:45 neo kernel: [    1.125024] VFS: Disk quotas dquot_6.6.0
Sep 18 09:25:45 neo kernel: [    1.125065] VFS: Dquot-cache hash table entries: 512 (order 0, 4096 bytes)
Sep 18 09:25:45 neo kernel: [    1.125374] squashfs: version 4.0 (2009/01/31) Phillip Lougher
Sep 18 09:25:45 neo kernel: [    1.125665] fuse init (API version 7.23)
Sep 18 09:25:45 neo kernel: [    1.125838] Key type big_key registered
Sep 18 09:25:45 neo kernel: [    1.125854] Allocating IMA MOK and blacklist keyrings.
Sep 18 09:25:45 neo kernel: [    1.126244] Key type asymmetric registered
Sep 18 09:25:45 neo kernel: [    1.126248] Asymmetric key parser 'x509' registered
Sep 18 09:25:45 neo kernel: [    1.126292] Block layer SCSI generic (bsg) driver version 0.4 loaded (major 249)
Sep 18 09:25:45 neo kernel: [    1.126327] io scheduler noop registered
Sep 18 09:25:45 neo kernel: [    1.126331] io scheduler deadline registered (default)
Sep 18 09:25:45 neo kernel: [    1.126367] io scheduler cfq registered
Sep 18 09:25:45 neo kernel: [    1.127037] pcieport 0000:00:1c.0: Signaling PME through PCIe PME interrupt
Sep 18 09:25:45 neo kernel: [    1.127040] pci 0000:01:00.0: Signaling PME through PCIe PME interrupt
Sep 18 09:25:45 neo kernel: [    1.127044] pcie_pme 0000:00:1c.0:pcie01: service driver pcie_pme loaded
Sep 18 09:25:45 neo kernel: [    1.127064] pcieport 0000:00:1c.3: Signaling PME through PCIe PME interrupt
Sep 18 09:25:45 neo kernel: [    1.127066] pci 0000:02:00.0: Signaling PME through PCIe PME interrupt
Sep 18 09:25:45 neo kernel: [    1.127069] pcie_pme 0000:00:1c.3:pcie01: service driver pcie_pme loaded
Sep 18 09:25:45 neo kernel: [    1.127089] pcieport 0000:00:1c.4: Signaling PME through PCIe PME interrupt
Sep 18 09:25:45 neo kernel: [    1.127091] pci 0000:03:00.0: Signaling PME through PCIe PME interrupt
Sep 18 09:25:45 neo kernel: [    1.127094] pcie_pme 0000:00:1c.4:pcie01: service driver pcie_pme loaded
Sep 18 09:25:45 neo kernel: [    1.127102] pci_hotplug: PCI Hot Plug PCI Core version: 0.5
Sep 18 09:25:45 neo kernel: [    1.127111] pciehp: PCI Express Hot Plug Controller Driver version: 0.4
Sep 18 09:25:45 neo kernel: [    1.127150] vesafb: mode is 1920x1080x32, linelength=7680, pages=0
Sep 18 09:25:45 neo kernel: [    1.127151] vesafb: scrolling: redraw
Sep 18 09:25:45 neo kernel: [    1.127153] vesafb: Truecolor: size=8:8:8:8, shift=24:16:8:0
Sep 18 09:25:45 neo kernel: [    1.127167] vesafb: framebuffer at 0xd0000000, mapped to 0xffffc90002000000, using 8128k, total 8128k
Sep 18 09:25:45 neo kernel: [    1.127287] Console: switching to colour frame buffer device 240x67
Sep 18 09:25:45 neo kernel: [    1.127318] fb0: VESA VGA frame buffer device
Sep 18 09:25:45 neo kernel: [    1.127340] intel_idle: MWAIT substates: 0x11142120
Sep 18 09:25:45 neo kernel: [    1.127342] intel_idle: v0.4.1 model 0x45
Sep 18 09:25:45 neo kernel: [    1.127343] intel_idle: lapic_timer_reliable_states 0xffffffff
Sep 18 09:25:45 neo kernel: [    1.128046] ACPI: AC Adapter [ADP0] (off-line)
Sep 18 09:25:45 neo kernel: [    1.128128] input: Lid Switch as /devices/LNXSYSTM:00/LNXSYBUS:00/PNP0C0D:00/input/input0
Sep 18 09:25:45 neo kernel: [    1.128156] ACPI: Lid Switch [LID0]
Sep 18 09:25:45 neo kernel: [    1.128199] input: Power Button as /devices/LNXSYSTM:00/LNXSYBUS:00/PNP0C0C:00/input/input1
Sep 18 09:25:45 neo kernel: [    1.128202] ACPI: Power Button [PWRB]
Sep 18 09:25:45 neo kernel: [    1.128243] input: Power Button as /devices/LNXSYSTM:00/LNXPWRBN:00/input/input2
Sep 18 09:25:45 neo kernel: [    1.128246] ACPI: Power Button [PWRF]
Sep 18 09:25:45 neo kernel: [    1.128533] GHES: HEST is not enabled!
Sep 18 09:25:45 neo kernel: [    1.128642] Serial: 8250/16550 driver, 32 ports, IRQ sharing enabled
Sep 18 09:25:45 neo kernel: [    1.130832] Linux agpgart interface v0.103
Sep 18 09:25:45 neo kernel: [    1.132688] loop: module loaded
Sep 18 09:25:45 neo kernel: [    1.132911] libphy: Fixed MDIO Bus: probed
Sep 18 09:25:45 neo kernel: [    1.132915] tun: Universal TUN/TAP device driver, 1.6
Sep 18 09:25:45 neo kernel: [    1.132916] tun: (C) 1999-2004 Max Krasnyansky <maxk@qualcomm.com>
Sep 18 09:25:45 neo kernel: [    1.132957] PPP generic driver version 2.4.2
Sep 18 09:25:45 neo kernel: [    1.133019] ehci_hcd: USB 2.0 'Enhanced' Host Controller (EHCI) Driver
Sep 18 09:25:45 neo kernel: [    1.133024] ehci-pci: EHCI PCI platform driver
Sep 18 09:25:45 neo kernel: [    1.133152] ehci-pci 0000:00:1d.0: EHCI Host Controller
Sep 18 09:25:45 neo kernel: [    1.133161] ehci-pci 0000:00:1d.0: new USB bus registered, assigned bus number 1
Sep 18 09:25:45 neo kernel: [    1.133173] ehci-pci 0000:00:1d.0: debug port 2
Sep 18 09:25:45 neo kernel: [    1.137069] ehci-pci 0000:00:1d.0: cache line size of 64 is not supported
Sep 18 09:25:45 neo kernel: [    1.137081] ehci-pci 0000:00:1d.0: irq 23, io mem 0xc361c000
Sep 18 09:25:45 neo kernel: [    1.146049] ehci-pci 0000:00:1d.0: USB 2.0 started, EHCI 1.00
Sep 18 09:25:45 neo kernel: [    1.146463] usb usb1: New USB device found, idVendor=1d6b, idProduct=0002
Sep 18 09:25:45 neo kernel: [    1.146467] usb usb1: New USB device strings: Mfr=3, Product=2, SerialNumber=1
Sep 18 09:25:45 neo kernel: [    1.146470] usb usb1: Product: EHCI Host Controller
Sep 18 09:25:45 neo kernel: [    1.146472] usb usb1: Manufacturer: Linux 4.4.0-72-generic ehci_hcd
Sep 18 09:25:45 neo kernel: [    1.146474] usb usb1: SerialNumber: 0000:00:1d.0
Sep 18 09:25:45 neo kernel: [    1.146674] hub 1-0:1.0: USB hub found
Sep 18 09:25:45 neo kernel: [    1.146691] hub 1-0:1.0: 2 ports detected
Sep 18 09:25:45 neo kernel: [    1.146901] ehci-platform: EHCI generic platform driver
Sep 18 09:25:45 neo kernel: [    1.146920] ohci_hcd: USB 1.1 'Open' Host Controller (OHCI) Driver
Sep 18 09:25:45 neo kernel: [    1.146926] ohci-pci: OHCI PCI platform driver
Sep 18 09:25:45 neo kernel: [    1.146940] ohci-platform: OHCI generic platform driver
Sep 18 09:25:45 neo kernel: [    1.146951] uhci_hcd: USB Universal Host Controller Interface driver
Sep 18 09:25:45 neo kernel: [    1.147112] xhci_hcd 0000:00:14.0: xHCI Host Controller
Sep 18 09:25:45 neo kernel: [    1.147119] xhci_hcd 0000:00:14.0: new USB bus registered, assigned bus number 2
Sep 18 09:25:45 neo kernel: [    1.148187] xhci_hcd 0000:00:14.0: hcc params 0x200077c1 hci version 0x100 quirks 0x0004b810
Sep 18 09:25:45 neo kernel: [    1.148192] xhci_hcd 0000:00:14.0: cache line size of 64 is not supported
Sep 18 09:25:45 neo kernel: [    1.148354] usb usb2: New USB device found, idVendor=1d6b, idProduct=0002
Sep 18 09:25:45 neo kernel: [    1.148358] usb usb2: New USB device strings: Mfr=3, Product=2, SerialNumber=1
Sep 18 09:25:45 neo kernel: [    1.148360] usb usb2: Product: xHCI Host Controller
Sep 18 09:25:45 neo kernel: [    1.148362] usb usb2: Manufacturer: Linux 4.4.0-72-generic xhci-hcd
Sep 18 09:25:45 neo kernel: [    1.148364] usb usb2: SerialNumber: 0000:00:14.0
Sep 18 09:25:45 neo kernel: [    1.148519] hub 2-0:1.0: USB hub found
Sep 18 09:25:45 neo kernel: [    1.148536] hub 2-0:1.0: 9 ports detected
Sep 18 09:25:45 neo kernel: [    1.151140] xhci_hcd 0000:00:14.0: xHCI Host Controller
Sep 18 09:25:45 neo kernel: [    1.151145] xhci_hcd 0000:00:14.0: new USB bus registered, assigned bus number 3
Sep 18 09:25:45 neo kernel: [    1.151175] usb usb3: New USB device found, idVendor=1d6b, idProduct=0003
Sep 18 09:25:45 neo kernel: [    1.151177] usb usb3: New USB device strings: Mfr=3, Product=2, SerialNumber=1
Sep 18 09:25:45 neo kernel: [    1.151179] usb usb3: Product: xHCI Host Controller
Sep 18 09:25:45 neo kernel: [    1.151181] usb usb3: Manufacturer: Linux 4.4.0-72-generic xhci-hcd
Sep 18 09:25:45 neo kernel: [    1.151182] usb usb3: SerialNumber: 0000:00:14.0
Sep 18 09:25:45 neo kernel: [    1.151319] hub 3-0:1.0: USB hub found
Sep 18 09:25:45 neo kernel: [    1.151326] hub 3-0:1.0: 4 ports detected
Sep 18 09:25:45 neo kernel: [    1.151723] usb: port power management may be unreliable
Sep 18 09:25:45 neo kernel: [    1.152203] i8042: PNP: PS/2 Controller [PNP0303:PS2K,PNP0f13:PS2M] at 0x60,0x64 irq 1,12
Sep 18 09:25:45 neo kernel: [    1.166123] serio: i8042 KBD port at 0x60,0x64 irq 1
Sep 18 09:25:45 neo kernel: [    1.166128] serio: i8042 AUX port at 0x60,0x64 irq 12
Sep 18 09:25:45 neo kernel: [    1.166323] mousedev: PS/2 mouse device common for all mice
Sep 18 09:25:45 neo kernel: [    1.166801] rtc_cmos 00:01: RTC can wake from S4
Sep 18 09:25:45 neo kernel: [    1.166955] rtc_cmos 00:01: rtc core: registered rtc_cmos as rtc0
Sep 18 09:25:45 neo kernel: [    1.166982] rtc_cmos 00:01: alarms up to one month, 242 bytes nvram, hpet irqs
Sep 18 09:25:45 neo kernel: [    1.166992] i2c /dev entries driver
Sep 18 09:25:45 neo kernel: [    1.167052] device-mapper: uevent: version 1.0.3
Sep 18 09:25:45 neo kernel: [    1.167143] device-mapper: ioctl: 4.34.0-ioctl (2015-10-28) initialised: dm-devel@redhat.com
Sep 18 09:25:45 neo kernel: [    1.167171] Intel P-state driver initializing.
Sep 18 09:25:45 neo kernel: [    1.167337] ledtrig-cpu: registered to indicate activity on CPUs
Sep 18 09:25:45 neo kernel: [    1.168132] NET: Registered protocol family 10
Sep 18 09:25:45 neo kernel: [    1.168575] NET: Registered protocol family 17
Sep 18 09:25:45 neo kernel: [    1.168610] Key type dns_resolver registered
Sep 18 09:25:45 neo kernel: [    1.169092] microcode: CPU0 sig=0x40651, pf=0x40, revision=0x1c
Sep 18 09:25:45 neo kernel: [    1.169111] microcode: CPU1 sig=0x40651, pf=0x40, revision=0x1c
Sep 18 09:25:45 neo kernel: [    1.169131] microcode: CPU2 sig=0x40651, pf=0x40, revision=0x1c
Sep 18 09:25:45 neo kernel: [    1.169151] microcode: CPU3 sig=0x40651, pf=0x40, revision=0x1c
Sep 18 09:25:45 neo kernel: [    1.169229] microcode: Microcode Update Driver: v2.01 <tigran@aivazian.fsnet.co.uk>, Peter Oruba
Sep 18 09:25:45 neo kernel: [    1.169579] registered taskstats version 1
Sep 18 09:25:45 neo kernel: [    1.169618] Loading compiled-in X.509 certificates
Sep 18 09:25:45 neo kernel: [    1.171975] Loaded X.509 cert 'Build time autogenerated kernel key: 04ae903e4643330d1fe41947e79c28b436494994'
Sep 18 09:25:45 neo kernel: [    1.172033] zswap: loaded using pool lzo/zbud
Sep 18 09:25:45 neo kernel: [    1.175080] Key type trusted registered
Sep 18 09:25:45 neo kernel: [    1.178554] Key type encrypted registered
Sep 18 09:25:45 neo kernel: [    1.178561] AppArmor: AppArmor sha1 policy hashing enabled
Sep 18 09:25:45 neo kernel: [    1.178565] ima: No TPM chip found, activating TPM-bypass!
Sep 18 09:25:45 neo kernel: [    1.178591] evm: HMAC attrs: 0x1
Sep 18 09:25:45 neo kernel: [    1.179046]   Magic number: 1:19:431
Sep 18 09:25:45 neo kernel: [    1.179163] rtc_cmos 00:01: setting system clock to 2017-09-18 12:25:21 UTC (1505737521)
Sep 18 09:25:45 neo kernel: [    1.179246] BIOS EDD facility v0.16 2004-Jun-25, 0 devices found
Sep 18 09:25:45 neo kernel: [    1.179247] EDD information not available.
Sep 18 09:25:45 neo kernel: [    1.179326] PM: Hibernation image not present or could not be loaded.
Sep 18 09:25:45 neo kernel: [    1.182687] input: AT Translated Set 2 keyboard as /devices/platform/i8042/serio0/input/input3
Sep 18 09:25:45 neo kernel: [    1.210920] ACPI: Battery Slot [BAT0] (battery present)
Sep 18 09:25:45 neo kernel: [    1.212295] Freeing unused kernel memory: 1484K (ffffffff81f45000 - ffffffff820b8000)
Sep 18 09:25:45 neo kernel: [    1.212298] Write protecting the kernel read-only data: 14336k
Sep 18 09:25:45 neo kernel: [    1.212796] Freeing unused kernel memory: 1776K (ffff880001844000 - ffff880001a00000)
Sep 18 09:25:45 neo kernel: [    1.213062] Freeing unused kernel memory: 120K (ffff880001de2000 - ffff880001e00000)
Sep 18 09:25:45 neo kernel: [    1.225974] random: systemd-udevd: uninitialized urandom read (16 bytes read, 6 bits of entropy available)
Sep 18 09:25:45 neo kernel: [    1.226063] random: systemd-udevd: uninitialized urandom read (16 bytes read, 6 bits of entropy available)
Sep 18 09:25:45 neo kernel: [    1.226075] random: systemd-udevd: uninitialized urandom read (16 bytes read, 6 bits of entropy available)
Sep 18 09:25:45 neo kernel: [    1.226088] random: systemd-udevd: uninitialized urandom read (16 bytes read, 6 bits of entropy available)
Sep 18 09:25:45 neo kernel: [    1.226500] random: udevadm: uninitialized urandom read (16 bytes read, 6 bits of entropy available)
Sep 18 09:25:45 neo kernel: [    1.226540] random: udevadm: uninitialized urandom read (16 bytes read, 6 bits of entropy available)
Sep 18 09:25:45 neo kernel: [    1.226751] random: udevadm: uninitialized urandom read (16 bytes read, 6 bits of entropy available)
Sep 18 09:25:45 neo kernel: [    1.226796] random: udevadm: uninitialized urandom read (16 bytes read, 6 bits of entropy available)
Sep 18 09:25:45 neo kernel: [    1.226836] random: udevadm: uninitialized urandom read (16 bytes read, 6 bits of entropy available)
Sep 18 09:25:45 neo kernel: [    1.226876] random: udevadm: uninitialized urandom read (16 bytes read, 6 bits of entropy available)
Sep 18 09:25:45 neo kernel: [    1.249139] FUJITSU Extended Socket Network Device Driver - version 1.0 - Copyright (c) 2015 FUJITSU LIMITED
Sep 18 09:25:45 neo kernel: [    1.252203] hidraw: raw HID events driver (C) Jiri Kosina
Sep 18 09:25:45 neo kernel: [    1.256786] sdhci: Secure Digital Host Controller Interface driver
Sep 18 09:25:45 neo kernel: [    1.256788] sdhci: Copyright(c) Pierre Ossman
Sep 18 09:25:45 neo kernel: [    1.259912] wmi: Mapper loaded
Sep 18 09:25:45 neo kernel: [    1.268702] r8169 Gigabit Ethernet driver 2.3LK-NAPI loaded
Sep 18 09:25:45 neo kernel: [    1.268710] r8169 0000:01:00.0: can't disable ASPM; OS doesn't have ASPM control
Sep 18 09:25:45 neo kernel: [    1.273082] [drm] Initialized drm 1.1.0 20060810
